******************************************************************************
            TI ARM Clang Linker PC v4.0.1                      
******************************************************************************
>> Linked Thu Apr 17 10:19:39 2025

OUTPUT FILE NAME:   <ECE319K_Lab9.out>
ENTRY POINT SYMBOL: "_c_int00_noargs"  address: 00011e9d


MEMORY CONFIGURATION

         name            origin    length      used     unused   attr    fill
----------------------  --------  ---------  --------  --------  ----  --------
  FLASH                 00000000   00020000  00012100  0000df00  R  X
  SRAM                  20200000   00008000  000007c0  00007840  RW X
  BCR_CONFIG            41c00000   00000080  00000000  00000080  R   
  BSL_CONFIG            41c00100   00000080  00000000  00000080  R   


SEGMENT ALLOCATION MAP

run origin  load origin   length   init length attrs members
----------  ----------- ---------- ----------- ----- -------
00000000    00000000    0000ef78   0000ef78    r--
  00000000    00000000    000000c0   000000c0    r-- .intvecs
  000000c0    000000c0    0000eeb8   0000eeb8    r-- .rodata
0000ef80    0000ef80    00003188   00003188    r-x
  0000ef80    0000ef80    000030f0   000030f0    r-x .text
  00012070    00012070    00000098   00000098    r-- .cinit
20200000    20200000    000005c3   00000000    rw-
  20200000    20200000    00000200   00000000    rw- .sysmem
  20200200    20200200    000001e9   00000000    rw- .data
  202003ec    202003ec    000001d7   00000000    rw- .bss
20207e00    20207e00    00000200   00000000    rw-
  20207e00    20207e00    00000200   00000000    rw- .stack


SECTION ALLOCATION MAP

 output                                  attributes/
section   page    origin      length       input sections
--------  ----  ----------  ----------   ----------------
.intvecs   0    00000000    000000c0     
                  00000000    000000c0     startup_mspm0g3507_ticlang.o (.intvecs)

.text      0    0000ef80    000030f0     
                  0000ef80    00000824     Lab9Main.o (.text.main)
                  0000f7a4    00000328     ST7735.o (.text.ST7735_DrawBitmapTransparent)
                  0000facc    00000210     ST7735.o (.text.ST7735_DrawBitmap)
                  0000fcdc    000001b4     Clock.o (.text.Clock_Init80MHz)
                  0000fe90    000001a8     ST7735.o (.text.ST7735_DrawChar)
                  00010038    00000192     libclang_rt.builtins.a : adddf3.S.obj (.text.adddf3_subdf3)
                  000101ca    00000002     Sound.o (.text.SysTick_Handler)
                  000101cc    00000154     libc.a : fopen.c.obj (.text._openfile)
                  00010320    0000011a     ST7735.o (.text.plotLineX)
                  0001043a    00000002     libclang_rt.builtins.a : aeabi_div0.c.obj (.text.__aeabi_idiv0)
                  0001043c    00000118     ST7735.o (.text.ST7735_FillRect)
                  00010554    00000118     ST7735.o (.text.plotLineY)
                  0001066c    00000114     libc.a : memory.c.obj (.text.aligned_alloc)
                  00010780    0000010c     libclang_rt.builtins.a : divdf3.S.obj (.text.__divdf3)
                  0001088c    000000f8     SPI.o (.text.SPI_Init)
                  00010984    000000ec     libsysbm.a : add_device.c.obj (.text.add_device)
                  00010a70    000000e8     libc.a : memory.c.obj (.text.free)
                  00010b58    000000e4     libclang_rt.builtins.a : muldf3.S.obj (.text.__muldf3)
                  00010c3c    000000e0     libc.a : setvbuf.c.obj (.text.setvbuf)
                  00010d1c    000000d4     ST7735.o (.text.ST7735_Line)
                  00010df0    000000d0     ST7735.o (.text.ST7735_OutChar)
                  00010ec0    000000a2     ST7735.o (.text.commandList)
                  00010f62    00000002     libc.a : _lock.c.obj (.text._nop)
                  00010f64    000000a0     libsysbm.a : open.c.obj (.text.open)
                  00011004    0000009c     ST7735.o (.text.ST7735_InitPrintf)
                  000110a0    00000098     ST7735.o (.text.ST7735_InitR)
                  00011138    00000088     ST7735.o (.text.setAddrWindow)
                  000111c0    00000088     libc.a : strcmp-armv6m.S.obj (.text:strcmp)
                  00011248    00000084     ST7735.o (.text.ST7735_DrawString)
                  000112cc    0000007c     LaunchPad.o (.text.LaunchPad_Init)
                  00011348    0000007c     libc.a : fclose.c.obj (.text.__TI_closefile)
                  000113c4    0000007c            : copy_decompress_lzss.c.obj (.text:decompress:lzss)
                  00011440    00000070     ST7735.o (.text.ST7735_DrawPixel)
                  000114b0    0000006c     libsysbm.a : hostlseek.c.obj (.text.HOSTlseek)
                  0001151c    0000006c                : hostrename.c.obj (.text.HOSTrename)
                  00011588    0000006c     libc.a : getdevice.c.obj (.text.getdevice)
                  000115f4    00000064            : memory.c.obj (.text.split)
                  00011658    00000060     libsysbm.a : hostopen.c.obj (.text.HOSTopen)
                  000116b8    00000058                : hostread.c.obj (.text.HOSTread)
                  00011710    00000058                : hostwrite.c.obj (.text.HOSTwrite)
                  00011768    00000056     libclang_rt.builtins.a : aeabi_idivmod.S.obj (.text.__aeabi_idivmod)
                  000117be    00000052     libc.a : fflush.c.obj (.text.__TI_doflush)
                  00011810    00000050     libsysbm.a : close.c.obj (.text.close)
                  00011860    0000004a     libclang_rt.builtins.a : fixdfsi.S.obj (.text.__fixdfsi)
                  000118aa    00000002     --HOLE-- [fill = 0]
                  000118ac    00000048     libsysbm.a : hostclose.c.obj (.text.HOSTclose)
                  000118f4    00000048                : hostunlink.c.obj (.text.HOSTunlink)
                  0001193c    00000048     SPI.o (.text.SPI_OutCommand)
                  00011984    00000040     SPI.o (.text.SPI_Reset)
                  000119c4    00000040     TExaS.o (.text.TIMG7_IRQHandler)
                  00011a04    00000040     libclang_rt.builtins.a : aeabi_uidivmod.S.obj (.text.__aeabi_uidivmod)
                  00011a44    00000040     libc.a : fopen.c.obj (.text._search_fp)
                  00011a84    0000003c            : autoinit.c.obj (.text:__TI_auto_init_nobinit_nopinit)
                  00011ac0    0000003a     libclang_rt.builtins.a : muldsi3.S.obj (.text.__muldsi3)
                  00011afa    00000002     --HOLE-- [fill = 0]
                  00011afc    00000038     LaunchPad.o (.text.ActivatePortA_B)
                  00011b34    00000038     SPI.o (.text.SPI_OutData)
                  00011b6c    00000034     Clock.o (.text.Clock_Delay1ms)
                  00011ba0    00000034     ST7735.o (.text.ST7735_SetCursor)
                  00011bd4    00000034     ST7735.o (.text.ST7735_write)
                  00011c08    00000034     libc.a : fopen.c.obj (.text.__TI_cleanup)
                  00011c3c    00000034     libsysbm.a : trgmsg.c.obj (.text.__TI_readmsg)
                  00011c70    00000034                : trgmsg.c.obj (.text.__TI_writemsg)
                  00011ca4    00000034     libc.a : exit.c.obj (.text.exit)
                  00011cd8    00000034            : getdevice.c.obj (.text.finddevice)
                  00011d0c    00000034            : fopen.c.obj (.text.freopen)
                  00011d40    00000030     ST7735.o (.text.commonInit)
                  00011d70    00000030     libc.a : fopen.c.obj (.text.fopen)
                  00011da0    0000002c     ST7735.o (.text.ST7735_FillScreen)
                  00011dcc    0000002c     libclang_rt.builtins.a : floatsidf.S.obj (.text.__floatsidf)
                  00011df8    0000002c     libsysbm.a : unlink.c.obj (.text.unlink)
                  00011e24    00000028     Lab9Main.o (.text.TIMG12_IRQHandler)
                  00011e4c    00000028     libc.a : memory.c.obj (.text.free_list_insert)
                  00011e74    00000028     libsysbm.a : write.c.obj (.text.write)
                  00011e9c    00000028     libc.a : boot_cortex_m.c.obj (.text:_c_int00_noargs)
                  00011ec4    0000001e     ST7735.o (.text.pushColor)
                  00011ee2    00000002     --HOLE-- [fill = 0]
                  00011ee4    0000001c     startup_mspm0g3507_ticlang.o (.text.Default_Handler)
                  00011f00    0000001c     startup_mspm0g3507_ticlang.o (.text.HardFault_Handler)
                  00011f1c    0000001c     libc.a : memory.c.obj (.text.free_list_remove)
                  00011f38    00000016     ST7735.o (.text.ST7735_open)
                  00011f4e    00000016     ST7735.o (.text.ST7735_read)
                  00011f64    00000016     libc.a : copy_zero_init.c.obj (.text:decompress:ZI:__TI_zero_init_nomemset)
                  00011f7a    00000012            : memcpy16.S.obj (.text:TI_memcpy_small)
                  00011f8c    00000012            : copy_decompress_none.c.obj (.text:decompress:none)
                  00011f9e    00000010     Clock.o (.text.Clock_Delay)
                  00011fae    00000010     LaunchPad.o (.text.Delay)
                  00011fbe    0000000e     libc.a : memory.c.obj (.text.OUTLINED_FUNCTION_0)
                  00011fcc    0000000e     ST7735.o (.text.ST7735_lseek)
                  00011fda    0000000e     libsysbm.a : hostrename.c.obj (.text.strcpy)
                  00011fe8    0000000e                : hostrename.c.obj (.text.strlen)
                  00011ff6    0000000e     libc.a : memset16.S.obj (.text:TI_memset_small)
                  00012004    0000000c     Clock.o (.text.Clock_Freq)
                  00012010    0000000c     ST7735.o (.text.ST7735_rename)
                  0001201c    0000000c     libclang_rt.builtins.a : aeabi_memset.S.obj (.text.__aeabi_memclr)
                  00012028    0000000c     libc.a : memory.c.obj (.text.malloc)
                  00012034    0000000a     Lab9Main.o (.text.PLL_Init)
                  0001203e    0000000a     ST7735.o (.text.ST7735_close)
                  00012048    0000000a     ST7735.o (.text.ST7735_unlink)
                  00012052    00000002     --HOLE-- [fill = 0]
                  00012054    00000008     libclang_rt.builtins.a : aeabi_memcpy.S.obj (.text.__aeabi_memcpy)
                  0001205c    00000008     libsysbm.a : remove.c.obj (.text.remove)
                  00012064    00000004     startup_mspm0g3507_ticlang.o (.text.Reset_Handler)
                  00012068    00000004     libc.a : pre_init.c.obj (.text._system_pre_init)
                  0001206c    00000004            : exit.c.obj (.text:abort)

.cinit     0    00012070    00000098     
                  00012070    0000006f     (.cinit..data.load) [load image, compression = lzss]
                  000120df    00000001     --HOLE-- [fill = 0]
                  000120e0    0000000c     (__TI_handler_table)
                  000120ec    00000008     (.cinit..bss.load) [load image, compression = zero_init]
                  000120f4    00000010     (__TI_cinit_table)
                  00012104    00000004     --HOLE-- [fill = 0]

.rodata    0    000000c0    0000eeb8     
                  000000c0    0000a000     Lab9Main.o (.rodata.spacey)
                  0000a0c0    00002968     Lab9Main.o (.rodata.xwing)
                  0000ca28    00001e00     Lab9Main.o (.rodata.star)
                  0000e828    000004fb     ST7735.o (.rodata.Font)
                  0000ed23    00000001     --HOLE-- [fill = 0]
                  0000ed24    000001a4     Lab9Main.o (.rodata.jet)
                  0000eec8    0000003b     ST7735.o (.rodata.Rcmd1)
                  0000ef03    0000002b     ST7735.o (.rodata.Rcmd3)
                  0000ef2e    00000016     ST7735.o (.rodata.str1.8029580491141062941)
                  0000ef44    0000000d     ST7735.o (.rodata.Rcmd2green)
                  0000ef51    0000000d     ST7735.o (.rodata.Rcmd2red)
                  0000ef5e    00000008     ST7735.o (.rodata.str1.172218582549810153381)
                  0000ef66    00000007     ST7735.o (.rodata.str1.172688256203839896191)
                  0000ef6d    00000007     ST7735.o (.rodata.str1.30793926615672304921)
                  0000ef74    00000002     ST7735.o (.rodata.str1.164914459445086938601)
                  0000ef76    00000002     --HOLE-- [fill = 0]

.init_array 
*          0    00000000    00000000     UNINITIALIZED

.binit     0    00000000    00000000     

.sysmem    0    20200000    00000200     UNINITIALIZED
                  20200000    00000010     libc.a : memory.c.obj (.sysmem)
                  20200010    000001f0     --HOLE--

.data      0    20200200    000001e9     UNINITIALIZED
                  20200200    000000f0     libc.a : defs.c.obj (.data._ftable)
                  202002f0    00000078     libsysbm.a : host_device.c.obj (.data._device)
                  20200368    00000050                : host_device.c.obj (.data._stream)
                  202003b8    00000008     libc.a : exit.c.obj (.data..L_MergedGlobals)
                  202003c0    00000004     Clock.o (.data.BusFreq)
                  202003c4    00000004     ST7735.o (.data.StX)
                  202003c8    00000004     ST7735.o (.data.StY)
                  202003cc    00000004     libc.a : defs.c.obj (.data.__TI_ft_end)
                  202003d0    00000004            : _lock.c.obj (.data._lock)
                  202003d4    00000004            : _lock.c.obj (.data._unlock)
                  202003d8    00000002     ST7735.o (.data.StTextColor)
                  202003da    00000002     ST7735.o (.data._height)
                  202003dc    00000002     ST7735.o (.data._width)
                  202003de    00000002     --HOLE--
                  202003e0    00000001     libsysbm.a : add_device.c.obj (.data.add_device.device_init)
                  202003e1    00000003     --HOLE--
                  202003e4    00000001     libc.a : memory.c.obj (.data.memory_is_initialized)
                  202003e5    00000003     --HOLE--
                  202003e8    00000001     libsysbm.a : open.c.obj (.data.open.stream_init)

.bss       0    202003ec    000001d7     UNINITIALIZED
                  202003ec    00000120     libsysbm.a : trgmsg.c.obj (.bss:_CIOBUF_)
                  2020050c    000000a0     libc.a : defs.c.obj (.bss.__TI_tmpnams)
                  202005ac    00000008     libsysbm.a : hostopen.c.obj (.bss.parmbuf)
                  202005b4    00000004     libc.a : memory.c.obj (.bss.sys_free)
                  202005b8    00000004     (.common:TExaSLogic)
                  202005bc    00000004     (.common:TExaSadc)
                  202005c0    00000001     ST7735.o (.bss.ColStart)
                  202005c1    00000001     ST7735.o (.bss.RowStart)
                  202005c2    00000001     ST7735.o (.bss.TabColor)

.stack     0    20207e00    00000200     UNINITIALIZED
                  20207e00    00000004     libc.a : boot_cortex_m.c.obj (.stack)
                  20207e04    000001fc     --HOLE--

__llvm_prf_cnts 
*          0    20200000    00000000     UNINITIALIZED

__llvm_prf_bits 
*          0    20200000    00000000     UNINITIALIZED

MODULE SUMMARY

       Module                         code    ro data   rw data
       ------                         ----    -------   -------
    .\
       Lab9Main.o                     2134    59660     0      
       ST7735.o                       4188    1449      17     
       Clock.o                        516     0         4      
       SPI.o                          440     0         0      
       LaunchPad.o                    196     0         0      
       TExaS.o                        64      0         8      
       Sound.o                        2       0         0      
    +--+------------------------------+-------+---------+---------+
       Total:                         7540    61109     29     
                                                               
    .\ticlang\
       startup_mspm0g3507_ticlang.o   60      192       0      
    +--+------------------------------+-------+---------+---------+
       Total:                         60      192       0      
                                                               
    C:\ti\ccs2000\ccs\tools\compiler\ti-cgt-armllvm_4.0.1.LTS\lib\armv6m-ti-none-eabi/c/libc.a
       memory.c.obj                   702     0         5      
       fopen.c.obj                    556     0         0      
       defs.c.obj                     0       0         404    
       setvbuf.c.obj                  224     0         0      
       getdevice.c.obj                160     0         0      
       strcmp-armv6m.S.obj            136     0         0      
       copy_decompress_lzss.c.obj     124     0         0      
       fclose.c.obj                   124     0         0      
       fflush.c.obj                   82      0         0      
       exit.c.obj                     56      0         8      
       autoinit.c.obj                 60      0         0      
       boot_cortex_m.c.obj            40      0         0      
       copy_zero_init.c.obj           22      0         0      
       copy_decompress_none.c.obj     18      0         0      
       memcpy16.S.obj                 18      0         0      
       memset16.S.obj                 14      0         0      
       _lock.c.obj                    2       0         8      
       pre_init.c.obj                 4       0         0      
    +--+------------------------------+-------+---------+---------+
       Total:                         2342    0         425    
                                                               
    C:\ti\ccs2000\ccs\tools\compiler\ti-cgt-armllvm_4.0.1.LTS\lib\armv6m-ti-none-eabi/c/libsysbm.a
       trgmsg.c.obj                   104     0         288    
       add_device.c.obj               236     0         1      
       host_device.c.obj              0       0         200    
       open.c.obj                     160     0         1      
       hostrename.c.obj               136     0         0      
       hostlseek.c.obj                108     0         0      
       hostopen.c.obj                 96      0         8      
       hostread.c.obj                 88      0         0      
       hostwrite.c.obj                88      0         0      
       close.c.obj                    80      0         0      
       hostclose.c.obj                72      0         0      
       hostunlink.c.obj               72      0         0      
       unlink.c.obj                   44      0         0      
       write.c.obj                    40      0         0      
       remove.c.obj                   8       0         0      
    +--+------------------------------+-------+---------+---------+
       Total:                         1332    0         498    
                                                               
    C:\ti\ccs2000\ccs\tools\compiler\ti-cgt-armllvm_4.0.1.LTS\lib\armv6m-ti-none-eabi/libclang_rt.builtins.a
       adddf3.S.obj                   402     0         0      
       divdf3.S.obj                   268     0         0      
       muldf3.S.obj                   228     0         0      
       aeabi_idivmod.S.obj            86      0         0      
       fixdfsi.S.obj                  74      0         0      
       aeabi_uidivmod.S.obj           64      0         0      
       muldsi3.S.obj                  58      0         0      
       floatsidf.S.obj                44      0         0      
       aeabi_memset.S.obj             12      0         0      
       aeabi_memcpy.S.obj             8       0         0      
       aeabi_div0.c.obj               2       0         0      
    +--+------------------------------+-------+---------+---------+
       Total:                         1246    0         0      
                                                               
       Heap:                          0       0         512    
       Stack:                         0       0         512    
       Linker Generated:              0       147       0      
    +--+------------------------------+-------+---------+---------+
       Grand Total:                   12520   61448     1976   


LINKER GENERATED COPY TABLES

__TI_cinit_table @ 000120f4 records: 2, size/record: 8, table size: 16
	.data: load addr=00012070, load size=0000006f bytes, run addr=20200200, run size=000001e9 bytes, compression=lzss
	.bss: load addr=000120ec, load size=00000008 bytes, run addr=202003ec, run size=000001d7 bytes, compression=zero_init


LINKER GENERATED HANDLER TABLE

__TI_handler_table @ 000120e0 records: 3, size/record: 4, table size: 12
	index: 0, handler: __TI_decompress_lzss
	index: 1, handler: __TI_decompress_none
	index: 2, handler: __TI_zero_init


GLOBAL SYMBOLS: SORTED ALPHABETICALLY BY Name 

address   name                          
-------   ----                          
00011ee5  ADC0_IRQHandler               
00011ee5  ADC1_IRQHandler               
00011ee5  AES_IRQHandler                
00011afd  ActivatePortA_B               
202003c0  BusFreq                       
0001206c  C$$EXIT                       
00011c9d  C$$IO$$                       
00011ee5  CANFD0_IRQHandler             
00011f9f  Clock_Delay                   
00011b6d  Clock_Delay1ms                
00012005  Clock_Freq                    
0000fcdd  Clock_Init80MHz               
00011ee5  DAC0_IRQHandler               
00011ee5  DMA_IRQHandler                
00011ee5  Default_Handler               
00011faf  Delay                         
00011ee5  GROUP0_IRQHandler             
00011ee5  GROUP1_IRQHandler             
000118ad  HOSTclose                     
000114b1  HOSTlseek                     
00011659  HOSTopen                      
000116b9  HOSTread                      
0001151d  HOSTrename                    
000118f5  HOSTunlink                    
00011711  HOSTwrite                     
00011f01  HardFault_Handler             
00011ee5  I2C0_IRQHandler               
00011ee5  I2C1_IRQHandler               
000112cd  LaunchPad_Init                
00011ee5  NMI_Handler                   
00012035  PLL_Init                      
00011ee5  PendSV_Handler                
00011ee5  RTC_IRQHandler                
00012065  Reset_Handler                 
00011ee5  SPI0_IRQHandler               
00011ee5  SPI1_IRQHandler               
0001088d  SPI_Init                      
0001193d  SPI_OutCommand                
00011b35  SPI_OutData                   
00011985  SPI_Reset                     
0000facd  ST7735_DrawBitmap             
0000f7a5  ST7735_DrawBitmapTransparent  
0000fe91  ST7735_DrawChar               
00011441  ST7735_DrawPixel              
00011249  ST7735_DrawString             
0001043d  ST7735_FillRect               
00011da1  ST7735_FillScreen             
00011005  ST7735_InitPrintf             
000110a1  ST7735_InitR                  
00010d1d  ST7735_Line                   
00010df1  ST7735_OutChar                
00011ba1  ST7735_SetCursor              
0001203f  ST7735_close                  
00011fcd  ST7735_lseek                  
00011f39  ST7735_open                   
00011f4f  ST7735_read                   
00012011  ST7735_rename                 
00012049  ST7735_unlink                 
00011bd5  ST7735_write                  
00011ee5  SVC_Handler                   
202003d8  StTextColor                   
202003c4  StX                           
202003c8  StY                           
000101cb  SysTick_Handler               
202005b8  TExaSLogic                    
202005bc  TExaSadc                      
00011ee5  TIMA0_IRQHandler              
00011ee5  TIMA1_IRQHandler              
00011ee5  TIMG0_IRQHandler              
00011e25  TIMG12_IRQHandler             
00011ee5  TIMG6_IRQHandler              
000119c5  TIMG7_IRQHandler              
00011ee5  TIMG8_IRQHandler              
00011f7b  TI_memcpy_small               
00011ff7  TI_memset_small               
00011ee5  UART0_IRQHandler              
00011ee5  UART1_IRQHandler              
00011ee5  UART2_IRQHandler              
00011ee5  UART3_IRQHandler              
202003ec  _CIOBUF_                      
202003ec  __CIOBUF_                     
20208000  __STACK_END                   
00000200  __STACK_SIZE                  
00000200  __SYSMEM_SIZE                 
00000000  __TI_ATRegion0_region_sz      
00000000  __TI_ATRegion0_src_addr       
00000000  __TI_ATRegion0_trg_addr       
00000000  __TI_ATRegion1_region_sz      
00000000  __TI_ATRegion1_src_addr       
00000000  __TI_ATRegion1_trg_addr       
00000000  __TI_ATRegion2_region_sz      
00000000  __TI_ATRegion2_src_addr       
00000000  __TI_ATRegion2_trg_addr       
000120f4  __TI_CINIT_Base               
00012104  __TI_CINIT_Limit              
00012104  __TI_CINIT_Warm               
000120e0  __TI_Handler_Table_Base       
000120ec  __TI_Handler_Table_Limit      
00011a85  __TI_auto_init_nobinit_nopinit
00011c09  __TI_cleanup                  
202003b8  __TI_cleanup_ptr              
00011349  __TI_closefile                
000113c5  __TI_decompress_lzss          
00011f8d  __TI_decompress_none          
000117bf  __TI_doflush                  
202003bc  __TI_dtors_ptr                
202003cc  __TI_ft_end                   
ffffffff  __TI_pprof_out_hndl           
ffffffff  __TI_prof_data_size           
ffffffff  __TI_prof_data_start          
00011c3d  __TI_readmsg                  
00000000  __TI_static_base__            
2020050c  __TI_tmpnams                  
00011c71  __TI_writemsg                 
00011f65  __TI_zero_init_nomemset       
00010043  __adddf3                      
00011861  __aeabi_d2iz                  
00010043  __aeabi_dadd                  
00010781  __aeabi_ddiv                  
00010b59  __aeabi_dmul                  
00010039  __aeabi_dsub                  
00011dcd  __aeabi_i2d                   
00011769  __aeabi_idiv                  
0001043b  __aeabi_idiv0                 
00011769  __aeabi_idivmod               
0001201d  __aeabi_memclr                
0001201d  __aeabi_memclr4               
0001201d  __aeabi_memclr8               
00012055  __aeabi_memcpy                
00012055  __aeabi_memcpy4               
00012055  __aeabi_memcpy8               
00011a05  __aeabi_uidiv                 
00011a05  __aeabi_uidivmod              
ffffffff  __binit__                     
00010781  __divdf3                      
00011861  __fixdfsi                     
00011dcd  __floatsidf                   
UNDEFED   __mpu_init                    
00010b59  __muldf3                      
00011ac1  __muldsi3                     
20207e00  __stack                       
20200000  __start___llvm_prf_bits       
20200000  __start___llvm_prf_cnts       
20200000  __stop___llvm_prf_bits        
20200000  __stop___llvm_prf_cnts        
00010039  __subdf3                      
00011e9d  _c_int00_noargs               
202002f0  _device                       
20200200  _ftable                       
202003d0  _lock                         
00010f63  _nop                          
20200368  _stream                       
20200000  _sys_memory                   
UNDEFED   _system_post_cinit            
00012069  _system_pre_init              
202003d4  _unlock                       
0001206d  abort                         
00010985  add_device                    
0001066d  aligned_alloc                 
ffffffff  binit                         
00011811  close                         
00011ca5  exit                          
00011cd9  finddevice                    
00011d71  fopen                         
00010a71  free                          
00011d0d  freopen                       
00011589  getdevice                     
00000000  interruptVectors              
0000ed24  jet                           
0000ef81  main                          
00012029  malloc                        
0001066d  memalign                      
00010f65  open                          
202005ac  parmbuf                       
00010321  plotLineX                     
00010555  plotLineY                     
0001205d  remove                        
00010c3d  setvbuf                       
000000c0  spacey                        
0000ca28  star                          
000111c1  strcmp                        
00011df9  unlink                        
00011e75  write                         
0000a0c0  xwing                         


GLOBAL SYMBOLS: SORTED BY Symbol Address 

address   name                          
-------   ----                          
00000000  __TI_ATRegion0_region_sz      
00000000  __TI_ATRegion0_src_addr       
00000000  __TI_ATRegion0_trg_addr       
00000000  __TI_ATRegion1_region_sz      
00000000  __TI_ATRegion1_src_addr       
00000000  __TI_ATRegion1_trg_addr       
00000000  __TI_ATRegion2_region_sz      
00000000  __TI_ATRegion2_src_addr       
00000000  __TI_ATRegion2_trg_addr       
00000000  __TI_static_base__            
00000000  interruptVectors              
000000c0  spacey                        
00000200  __STACK_SIZE                  
00000200  __SYSMEM_SIZE                 
0000a0c0  xwing                         
0000ca28  star                          
0000ed24  jet                           
0000ef81  main                          
0000f7a5  ST7735_DrawBitmapTransparent  
0000facd  ST7735_DrawBitmap             
0000fcdd  Clock_Init80MHz               
0000fe91  ST7735_DrawChar               
00010039  __aeabi_dsub                  
00010039  __subdf3                      
00010043  __adddf3                      
00010043  __aeabi_dadd                  
000101cb  SysTick_Handler               
00010321  plotLineX                     
0001043b  __aeabi_idiv0                 
0001043d  ST7735_FillRect               
00010555  plotLineY                     
0001066d  aligned_alloc                 
0001066d  memalign                      
00010781  __aeabi_ddiv                  
00010781  __divdf3                      
0001088d  SPI_Init                      
00010985  add_device                    
00010a71  free                          
00010b59  __aeabi_dmul                  
00010b59  __muldf3                      
00010c3d  setvbuf                       
00010d1d  ST7735_Line                   
00010df1  ST7735_OutChar                
00010f63  _nop                          
00010f65  open                          
00011005  ST7735_InitPrintf             
000110a1  ST7735_InitR                  
000111c1  strcmp                        
00011249  ST7735_DrawString             
000112cd  LaunchPad_Init                
00011349  __TI_closefile                
000113c5  __TI_decompress_lzss          
00011441  ST7735_DrawPixel              
000114b1  HOSTlseek                     
0001151d  HOSTrename                    
00011589  getdevice                     
00011659  HOSTopen                      
000116b9  HOSTread                      
00011711  HOSTwrite                     
00011769  __aeabi_idiv                  
00011769  __aeabi_idivmod               
000117bf  __TI_doflush                  
00011811  close                         
00011861  __aeabi_d2iz                  
00011861  __fixdfsi                     
000118ad  HOSTclose                     
000118f5  HOSTunlink                    
0001193d  SPI_OutCommand                
00011985  SPI_Reset                     
000119c5  TIMG7_IRQHandler              
00011a05  __aeabi_uidiv                 
00011a05  __aeabi_uidivmod              
00011a85  __TI_auto_init_nobinit_nopinit
00011ac1  __muldsi3                     
00011afd  ActivatePortA_B               
00011b35  SPI_OutData                   
00011b6d  Clock_Delay1ms                
00011ba1  ST7735_SetCursor              
00011bd5  ST7735_write                  
00011c09  __TI_cleanup                  
00011c3d  __TI_readmsg                  
00011c71  __TI_writemsg                 
00011c9d  C$$IO$$                       
00011ca5  exit                          
00011cd9  finddevice                    
00011d0d  freopen                       
00011d71  fopen                         
00011da1  ST7735_FillScreen             
00011dcd  __aeabi_i2d                   
00011dcd  __floatsidf                   
00011df9  unlink                        
00011e25  TIMG12_IRQHandler             
00011e75  write                         
00011e9d  _c_int00_noargs               
00011ee5  ADC0_IRQHandler               
00011ee5  ADC1_IRQHandler               
00011ee5  AES_IRQHandler                
00011ee5  CANFD0_IRQHandler             
00011ee5  DAC0_IRQHandler               
00011ee5  DMA_IRQHandler                
00011ee5  Default_Handler               
00011ee5  GROUP0_IRQHandler             
00011ee5  GROUP1_IRQHandler             
00011ee5  I2C0_IRQHandler               
00011ee5  I2C1_IRQHandler               
00011ee5  NMI_Handler                   
00011ee5  PendSV_Handler                
00011ee5  RTC_IRQHandler                
00011ee5  SPI0_IRQHandler               
00011ee5  SPI1_IRQHandler               
00011ee5  SVC_Handler                   
00011ee5  TIMA0_IRQHandler              
00011ee5  TIMA1_IRQHandler              
00011ee5  TIMG0_IRQHandler              
00011ee5  TIMG6_IRQHandler              
00011ee5  TIMG8_IRQHandler              
00011ee5  UART0_IRQHandler              
00011ee5  UART1_IRQHandler              
00011ee5  UART2_IRQHandler              
00011ee5  UART3_IRQHandler              
00011f01  HardFault_Handler             
00011f39  ST7735_open                   
00011f4f  ST7735_read                   
00011f65  __TI_zero_init_nomemset       
00011f7b  TI_memcpy_small               
00011f8d  __TI_decompress_none          
00011f9f  Clock_Delay                   
00011faf  Delay                         
00011fcd  ST7735_lseek                  
00011ff7  TI_memset_small               
00012005  Clock_Freq                    
00012011  ST7735_rename                 
0001201d  __aeabi_memclr                
0001201d  __aeabi_memclr4               
0001201d  __aeabi_memclr8               
00012029  malloc                        
00012035  PLL_Init                      
0001203f  ST7735_close                  
00012049  ST7735_unlink                 
00012055  __aeabi_memcpy                
00012055  __aeabi_memcpy4               
00012055  __aeabi_memcpy8               
0001205d  remove                        
00012065  Reset_Handler                 
00012069  _system_pre_init              
0001206c  C$$EXIT                       
0001206d  abort                         
000120e0  __TI_Handler_Table_Base       
000120ec  __TI_Handler_Table_Limit      
000120f4  __TI_CINIT_Base               
00012104  __TI_CINIT_Limit              
00012104  __TI_CINIT_Warm               
20200000  __start___llvm_prf_bits       
20200000  __start___llvm_prf_cnts       
20200000  __stop___llvm_prf_bits        
20200000  __stop___llvm_prf_cnts        
20200000  _sys_memory                   
20200200  _ftable                       
202002f0  _device                       
20200368  _stream                       
202003b8  __TI_cleanup_ptr              
202003bc  __TI_dtors_ptr                
202003c0  BusFreq                       
202003c4  StX                           
202003c8  StY                           
202003cc  __TI_ft_end                   
202003d0  _lock                         
202003d4  _unlock                       
202003d8  StTextColor                   
202003ec  _CIOBUF_                      
202003ec  __CIOBUF_                     
2020050c  __TI_tmpnams                  
202005ac  parmbuf                       
202005b8  TExaSLogic                    
202005bc  TExaSadc                      
20207e00  __stack                       
20208000  __STACK_END                   
ffffffff  __TI_pprof_out_hndl           
ffffffff  __TI_prof_data_size           
ffffffff  __TI_prof_data_start          
ffffffff  __binit__                     
ffffffff  binit                         
UNDEFED   __mpu_init                    
UNDEFED   _system_post_cinit            

[184 symbols]
