<?xml version="1.0" encoding="ISO-8859-1" ?>
<link_info>
   <banner>TI ARM Clang Linker PC v4.0.1.LTS</banner>
   <copyright>Copyright (c) 1996-2018 Texas Instruments Incorporated</copyright>
   <command_line>C:\ti\ccs2000\ccs\tools\compiler\ti-cgt-armllvm_4.0.1.LTS\bin\tiarmlnk -IC:\ti\ccs2000\ccs\tools\compiler\ti-cgt-armllvm_4.0.1.LTS\lib -o ECE319K_Lab9.out -mECE319K_Lab9.map --heap_size=512 --stack_size=512 -iC:/MSPM0_ValvanoWare/ECE319K_Lab9/Debug/syscfg -iC:/ti/ccs2000/ccs/tools/compiler/ti-cgt-armllvm_4.0.1.LTS/lib --diag_wrap=off --display_error_number --warn_sections --xml_link_info=ECE319K_Lab9_linkInfo.xml --rom_model ./ADC.o ./ADC1.o ./Arabic.o ./Clock.o ./DAC5.o ./JoyStick.o ./LED.o ./Lab9Main.o ./LaunchPad.o ./SPI.o ./ST7735.o ./SmallFont.o ./Sound.o ./Switch.o ./TExaS.o ./Timer.o ./images/pipedreams/PipeSound.o ./ticlang/startup_mspm0g3507_ticlang.o ../mspm0g3507.cmd -lC:/ti/mspm0_sdk_2_03_00_07/source/ti/driverlib/lib/ticlang/m0p/mspm0g1x0x_g3x0x/driverlib.a -llibc.a --start-group -llibc++.a -llibc++abi.a -llibc.a -llibsys.a -llibsysbm.a -llibclang_rt.builtins.a -llibclang_rt.profile.a --end-group --cg_opt_level=0</command_line>
   <link_time>0x68011c0b</link_time>
   <link_errors>0x0</link_errors>
   <output_file>C:\MSPM0_ValvanoWare\ECE319K_Lab9\Debug\ECE319K_Lab9.out</output_file>
   <entry_point>
      <name>_c_int00_noargs</name>
      <address>0x11e9d</address>
   </entry_point>
   <input_file_list>
      <input_file id="fl-1">
         <path>C:\MSPM0_ValvanoWare\ECE319K_Lab9\Debug\.\</path>
         <kind>object</kind>
         <file>ADC.o</file>
         <name>ADC.o</name>
      </input_file>
      <input_file id="fl-2">
         <path>C:\MSPM0_ValvanoWare\ECE319K_Lab9\Debug\.\</path>
         <kind>object</kind>
         <file>ADC1.o</file>
         <name>ADC1.o</name>
      </input_file>
      <input_file id="fl-3">
         <path>C:\MSPM0_ValvanoWare\ECE319K_Lab9\Debug\.\</path>
         <kind>object</kind>
         <file>Arabic.o</file>
         <name>Arabic.o</name>
      </input_file>
      <input_file id="fl-4">
         <path>C:\MSPM0_ValvanoWare\ECE319K_Lab9\Debug\.\</path>
         <kind>object</kind>
         <file>Clock.o</file>
         <name>Clock.o</name>
      </input_file>
      <input_file id="fl-5">
         <path>C:\MSPM0_ValvanoWare\ECE319K_Lab9\Debug\.\</path>
         <kind>object</kind>
         <file>DAC5.o</file>
         <name>DAC5.o</name>
      </input_file>
      <input_file id="fl-6">
         <path>C:\MSPM0_ValvanoWare\ECE319K_Lab9\Debug\.\</path>
         <kind>object</kind>
         <file>JoyStick.o</file>
         <name>JoyStick.o</name>
      </input_file>
      <input_file id="fl-7">
         <path>C:\MSPM0_ValvanoWare\ECE319K_Lab9\Debug\.\</path>
         <kind>object</kind>
         <file>LED.o</file>
         <name>LED.o</name>
      </input_file>
      <input_file id="fl-8">
         <path>C:\MSPM0_ValvanoWare\ECE319K_Lab9\Debug\.\</path>
         <kind>object</kind>
         <file>Lab9Main.o</file>
         <name>Lab9Main.o</name>
      </input_file>
      <input_file id="fl-9">
         <path>C:\MSPM0_ValvanoWare\ECE319K_Lab9\Debug\.\</path>
         <kind>object</kind>
         <file>LaunchPad.o</file>
         <name>LaunchPad.o</name>
      </input_file>
      <input_file id="fl-a">
         <path>C:\MSPM0_ValvanoWare\ECE319K_Lab9\Debug\.\</path>
         <kind>object</kind>
         <file>SPI.o</file>
         <name>SPI.o</name>
      </input_file>
      <input_file id="fl-b">
         <path>C:\MSPM0_ValvanoWare\ECE319K_Lab9\Debug\.\</path>
         <kind>object</kind>
         <file>ST7735.o</file>
         <name>ST7735.o</name>
      </input_file>
      <input_file id="fl-c">
         <path>C:\MSPM0_ValvanoWare\ECE319K_Lab9\Debug\.\</path>
         <kind>object</kind>
         <file>SmallFont.o</file>
         <name>SmallFont.o</name>
      </input_file>
      <input_file id="fl-d">
         <path>C:\MSPM0_ValvanoWare\ECE319K_Lab9\Debug\.\</path>
         <kind>object</kind>
         <file>Sound.o</file>
         <name>Sound.o</name>
      </input_file>
      <input_file id="fl-e">
         <path>C:\MSPM0_ValvanoWare\ECE319K_Lab9\Debug\.\</path>
         <kind>object</kind>
         <file>Switch.o</file>
         <name>Switch.o</name>
      </input_file>
      <input_file id="fl-f">
         <path>C:\MSPM0_ValvanoWare\ECE319K_Lab9\Debug\.\</path>
         <kind>object</kind>
         <file>TExaS.o</file>
         <name>TExaS.o</name>
      </input_file>
      <input_file id="fl-10">
         <path>C:\MSPM0_ValvanoWare\ECE319K_Lab9\Debug\.\</path>
         <kind>object</kind>
         <file>Timer.o</file>
         <name>Timer.o</name>
      </input_file>
      <input_file id="fl-11">
         <path>C:\MSPM0_ValvanoWare\ECE319K_Lab9\Debug\.\images\pipedreams\</path>
         <kind>object</kind>
         <file>PipeSound.o</file>
         <name>PipeSound.o</name>
      </input_file>
      <input_file id="fl-12">
         <path>C:\MSPM0_ValvanoWare\ECE319K_Lab9\Debug\.\ticlang\</path>
         <kind>object</kind>
         <file>startup_mspm0g3507_ticlang.o</file>
         <name>startup_mspm0g3507_ticlang.o</name>
      </input_file>
      <input_file id="fl-1e">
         <path>C:\MSPM0_ValvanoWare\ECE319K_Lab9\Debug\</path>
         <kind>object</kind>
         <file>&lt;internal&gt;</file>
         <name>&lt;internal&gt;</name>
      </input_file>
      <input_file id="fl-33">
         <path>C:\ti\ccs2000\ccs\tools\compiler\ti-cgt-armllvm_4.0.1.LTS\lib\armv6m-ti-none-eabi\c\</path>
         <kind>archive</kind>
         <file>libc.a</file>
         <name>printf.c.obj</name>
      </input_file>
      <input_file id="fl-34">
         <path>C:\ti\ccs2000\ccs\tools\compiler\ti-cgt-armllvm_4.0.1.LTS\lib\armv6m-ti-none-eabi\c\</path>
         <kind>archive</kind>
         <file>libc.a</file>
         <name>_printfi.c.obj</name>
      </input_file>
      <input_file id="fl-35">
         <path>C:\ti\ccs2000\ccs\tools\compiler\ti-cgt-armllvm_4.0.1.LTS\lib\armv6m-ti-none-eabi\c\</path>
         <kind>archive</kind>
         <file>libc.a</file>
         <name>fopen.c.obj</name>
      </input_file>
      <input_file id="fl-36">
         <path>C:\ti\ccs2000\ccs\tools\compiler\ti-cgt-armllvm_4.0.1.LTS\lib\armv6m-ti-none-eabi\c\</path>
         <kind>archive</kind>
         <file>libc.a</file>
         <name>fputc.c.obj</name>
      </input_file>
      <input_file id="fl-37">
         <path>C:\ti\ccs2000\ccs\tools\compiler\ti-cgt-armllvm_4.0.1.LTS\lib\armv6m-ti-none-eabi\c\</path>
         <kind>archive</kind>
         <file>libc.a</file>
         <name>fputs.c.obj</name>
      </input_file>
      <input_file id="fl-38">
         <path>C:\ti\ccs2000\ccs\tools\compiler\ti-cgt-armllvm_4.0.1.LTS\lib\armv6m-ti-none-eabi\c\</path>
         <kind>archive</kind>
         <file>libc.a</file>
         <name>_io_perm.c.obj</name>
      </input_file>
      <input_file id="fl-39">
         <path>C:\ti\ccs2000\ccs\tools\compiler\ti-cgt-armllvm_4.0.1.LTS\lib\armv6m-ti-none-eabi\c\</path>
         <kind>archive</kind>
         <file>libc.a</file>
         <name>setvbuf.c.obj</name>
      </input_file>
      <input_file id="fl-3a">
         <path>C:\ti\ccs2000\ccs\tools\compiler\ti-cgt-armllvm_4.0.1.LTS\lib\armv6m-ti-none-eabi\c\</path>
         <kind>archive</kind>
         <file>libc.a</file>
         <name>wcslen.c.obj</name>
      </input_file>
      <input_file id="fl-3b">
         <path>C:\ti\ccs2000\ccs\tools\compiler\ti-cgt-armllvm_4.0.1.LTS\lib\armv6m-ti-none-eabi\c\</path>
         <kind>archive</kind>
         <file>libc.a</file>
         <name>aeabi_portable.c.obj</name>
      </input_file>
      <input_file id="fl-3c">
         <path>C:\ti\ccs2000\ccs\tools\compiler\ti-cgt-armllvm_4.0.1.LTS\lib\armv6m-ti-none-eabi\c\</path>
         <kind>archive</kind>
         <file>libc.a</file>
         <name>exit.c.obj</name>
      </input_file>
      <input_file id="fl-3d">
         <path>C:\ti\ccs2000\ccs\tools\compiler\ti-cgt-armllvm_4.0.1.LTS\lib\armv6m-ti-none-eabi\c\</path>
         <kind>archive</kind>
         <file>libc.a</file>
         <name>_lock.c.obj</name>
      </input_file>
      <input_file id="fl-3e">
         <path>C:\ti\ccs2000\ccs\tools\compiler\ti-cgt-armllvm_4.0.1.LTS\lib\armv6m-ti-none-eabi\c\</path>
         <kind>archive</kind>
         <file>libc.a</file>
         <name>_ltoa.c.obj</name>
      </input_file>
      <input_file id="fl-3f">
         <path>C:\ti\ccs2000\ccs\tools\compiler\ti-cgt-armllvm_4.0.1.LTS\lib\armv6m-ti-none-eabi\c\</path>
         <kind>archive</kind>
         <file>libc.a</file>
         <name>assert.c.obj</name>
      </input_file>
      <input_file id="fl-40">
         <path>C:\ti\ccs2000\ccs\tools\compiler\ti-cgt-armllvm_4.0.1.LTS\lib\armv6m-ti-none-eabi\c\</path>
         <kind>archive</kind>
         <file>libc.a</file>
         <name>atoi.c.obj</name>
      </input_file>
      <input_file id="fl-41">
         <path>C:\ti\ccs2000\ccs\tools\compiler\ti-cgt-armllvm_4.0.1.LTS\lib\armv6m-ti-none-eabi\c\</path>
         <kind>archive</kind>
         <file>libc.a</file>
         <name>defs.c.obj</name>
      </input_file>
      <input_file id="fl-42">
         <path>C:\ti\ccs2000\ccs\tools\compiler\ti-cgt-armllvm_4.0.1.LTS\lib\armv6m-ti-none-eabi\c\</path>
         <kind>archive</kind>
         <file>libc.a</file>
         <name>memccpy.c.obj</name>
      </input_file>
      <input_file id="fl-43">
         <path>C:\ti\ccs2000\ccs\tools\compiler\ti-cgt-armllvm_4.0.1.LTS\lib\armv6m-ti-none-eabi\c\</path>
         <kind>archive</kind>
         <file>libc.a</file>
         <name>memory.c.obj</name>
      </input_file>
      <input_file id="fl-44">
         <path>C:\ti\ccs2000\ccs\tools\compiler\ti-cgt-armllvm_4.0.1.LTS\lib\armv6m-ti-none-eabi\c\</path>
         <kind>archive</kind>
         <file>libc.a</file>
         <name>copy_zero_init.c.obj</name>
      </input_file>
      <input_file id="fl-45">
         <path>C:\ti\ccs2000\ccs\tools\compiler\ti-cgt-armllvm_4.0.1.LTS\lib\armv6m-ti-none-eabi\c\</path>
         <kind>archive</kind>
         <file>libc.a</file>
         <name>copy_decompress_none.c.obj</name>
      </input_file>
      <input_file id="fl-46">
         <path>C:\ti\ccs2000\ccs\tools\compiler\ti-cgt-armllvm_4.0.1.LTS\lib\armv6m-ti-none-eabi\c\</path>
         <kind>archive</kind>
         <file>libc.a</file>
         <name>copy_decompress_lzss.c.obj</name>
      </input_file>
      <input_file id="fl-47">
         <path>C:\ti\ccs2000\ccs\tools\compiler\ti-cgt-armllvm_4.0.1.LTS\lib\armv6m-ti-none-eabi\c\</path>
         <kind>archive</kind>
         <file>libc.a</file>
         <name>boot_cortex_m.c.obj</name>
      </input_file>
      <input_file id="fl-48">
         <path>C:\ti\ccs2000\ccs\tools\compiler\ti-cgt-armllvm_4.0.1.LTS\lib\armv6m-ti-none-eabi\c\</path>
         <kind>archive</kind>
         <file>libc.a</file>
         <name>mathacl_init.c.obj</name>
      </input_file>
      <input_file id="fl-49">
         <path>C:\ti\ccs2000\ccs\tools\compiler\ti-cgt-armllvm_4.0.1.LTS\lib\armv6m-ti-none-eabi\c\</path>
         <kind>archive</kind>
         <file>libc.a</file>
         <name>s_frexp.c.obj</name>
      </input_file>
      <input_file id="fl-4a">
         <path>C:\ti\ccs2000\ccs\tools\compiler\ti-cgt-armllvm_4.0.1.LTS\lib\armv6m-ti-none-eabi\c\</path>
         <kind>archive</kind>
         <file>libc.a</file>
         <name>s_scalbn.c.obj</name>
      </input_file>
      <input_file id="fl-4b">
         <path>C:\ti\ccs2000\ccs\tools\compiler\ti-cgt-armllvm_4.0.1.LTS\lib\armv6m-ti-none-eabi\c\</path>
         <kind>archive</kind>
         <file>libc.a</file>
         <name>sprintf.c.obj</name>
      </input_file>
      <input_file id="fl-4c">
         <path>C:\ti\ccs2000\ccs\tools\compiler\ti-cgt-armllvm_4.0.1.LTS\lib\armv6m-ti-none-eabi\c\</path>
         <kind>archive</kind>
         <file>libc.a</file>
         <name>fclose.c.obj</name>
      </input_file>
      <input_file id="fl-4d">
         <path>C:\ti\ccs2000\ccs\tools\compiler\ti-cgt-armllvm_4.0.1.LTS\lib\armv6m-ti-none-eabi\c\</path>
         <kind>archive</kind>
         <file>libc.a</file>
         <name>fflush.c.obj</name>
      </input_file>
      <input_file id="fl-4e">
         <path>C:\ti\ccs2000\ccs\tools\compiler\ti-cgt-armllvm_4.0.1.LTS\lib\armv6m-ti-none-eabi\c\</path>
         <kind>archive</kind>
         <file>libc.a</file>
         <name>fseek.c.obj</name>
      </input_file>
      <input_file id="fl-4f">
         <path>C:\ti\ccs2000\ccs\tools\compiler\ti-cgt-armllvm_4.0.1.LTS\lib\armv6m-ti-none-eabi\c\</path>
         <kind>archive</kind>
         <file>libc.a</file>
         <name>aeabi_ctype.S.obj</name>
      </input_file>
      <input_file id="fl-50">
         <path>C:\ti\ccs2000\ccs\tools\compiler\ti-cgt-armllvm_4.0.1.LTS\lib\armv6m-ti-none-eabi\c\</path>
         <kind>archive</kind>
         <file>libc.a</file>
         <name>args_main.c.obj</name>
      </input_file>
      <input_file id="fl-51">
         <path>C:\ti\ccs2000\ccs\tools\compiler\ti-cgt-armllvm_4.0.1.LTS\lib\armv6m-ti-none-eabi\c\</path>
         <kind>archive</kind>
         <file>libc.a</file>
         <name>autoinit.c.obj</name>
      </input_file>
      <input_file id="fl-52">
         <path>C:\ti\ccs2000\ccs\tools\compiler\ti-cgt-armllvm_4.0.1.LTS\lib\armv6m-ti-none-eabi\c\</path>
         <kind>archive</kind>
         <file>libc.a</file>
         <name>pre_init.c.obj</name>
      </input_file>
      <input_file id="fl-53">
         <path>C:\ti\ccs2000\ccs\tools\compiler\ti-cgt-armllvm_4.0.1.LTS\lib\armv6m-ti-none-eabi\c\</path>
         <kind>archive</kind>
         <file>libc.a</file>
         <name>cpy_tbl.c.obj</name>
      </input_file>
      <input_file id="fl-e9">
         <path>C:\ti\ccs2000\ccs\tools\compiler\ti-cgt-armllvm_4.0.1.LTS\lib\armv6m-ti-none-eabi\c\</path>
         <kind>archive</kind>
         <file>libsysbm.a</file>
         <name>write.c.obj</name>
      </input_file>
      <input_file id="fl-ea">
         <path>C:\ti\ccs2000\ccs\tools\compiler\ti-cgt-armllvm_4.0.1.LTS\lib\armv6m-ti-none-eabi\c\</path>
         <kind>archive</kind>
         <file>libsysbm.a</file>
         <name>host_device.c.obj</name>
      </input_file>
      <input_file id="fl-eb">
         <path>C:\ti\ccs2000\ccs\tools\compiler\ti-cgt-armllvm_4.0.1.LTS\lib\armv6m-ti-none-eabi\c\</path>
         <kind>archive</kind>
         <file>libsysbm.a</file>
         <name>remove.c.obj</name>
      </input_file>
      <input_file id="fl-ec">
         <path>C:\ti\ccs2000\ccs\tools\compiler\ti-cgt-armllvm_4.0.1.LTS\lib\armv6m-ti-none-eabi\c\</path>
         <kind>archive</kind>
         <file>libsysbm.a</file>
         <name>open.c.obj</name>
      </input_file>
      <input_file id="fl-ed">
         <path>C:\ti\ccs2000\ccs\tools\compiler\ti-cgt-armllvm_4.0.1.LTS\lib\armv6m-ti-none-eabi\c\</path>
         <kind>archive</kind>
         <file>libsysbm.a</file>
         <name>lseek.c.obj</name>
      </input_file>
      <input_file id="fl-ee">
         <path>C:\ti\ccs2000\ccs\tools\compiler\ti-cgt-armllvm_4.0.1.LTS\lib\armv6m-ti-none-eabi\c\</path>
         <kind>archive</kind>
         <file>libsysbm.a</file>
         <name>close.c.obj</name>
      </input_file>
      <input_file id="fl-ef">
         <path>C:\ti\ccs2000\ccs\tools\compiler\ti-cgt-armllvm_4.0.1.LTS\lib\armv6m-ti-none-eabi\c\</path>
         <kind>archive</kind>
         <file>libsysbm.a</file>
         <name>add_device.c.obj</name>
      </input_file>
      <input_file id="fl-f0">
         <path>C:\ti\ccs2000\ccs\tools\compiler\ti-cgt-armllvm_4.0.1.LTS\lib\armv6m-ti-none-eabi\c\</path>
         <kind>archive</kind>
         <file>libsysbm.a</file>
         <name>unlink.c.obj</name>
      </input_file>
      <input_file id="fl-f1">
         <path>C:\ti\ccs2000\ccs\tools\compiler\ti-cgt-armllvm_4.0.1.LTS\lib\armv6m-ti-none-eabi\c\</path>
         <kind>archive</kind>
         <file>libsysbm.a</file>
         <name>hostclose.c.obj</name>
      </input_file>
      <input_file id="fl-f2">
         <path>C:\ti\ccs2000\ccs\tools\compiler\ti-cgt-armllvm_4.0.1.LTS\lib\armv6m-ti-none-eabi\c\</path>
         <kind>archive</kind>
         <file>libsysbm.a</file>
         <name>hostlseek.c.obj</name>
      </input_file>
      <input_file id="fl-f3">
         <path>C:\ti\ccs2000\ccs\tools\compiler\ti-cgt-armllvm_4.0.1.LTS\lib\armv6m-ti-none-eabi\c\</path>
         <kind>archive</kind>
         <file>libsysbm.a</file>
         <name>hostopen.c.obj</name>
      </input_file>
      <input_file id="fl-f4">
         <path>C:\ti\ccs2000\ccs\tools\compiler\ti-cgt-armllvm_4.0.1.LTS\lib\armv6m-ti-none-eabi\c\</path>
         <kind>archive</kind>
         <file>libsysbm.a</file>
         <name>hostread.c.obj</name>
      </input_file>
      <input_file id="fl-f5">
         <path>C:\ti\ccs2000\ccs\tools\compiler\ti-cgt-armllvm_4.0.1.LTS\lib\armv6m-ti-none-eabi\c\</path>
         <kind>archive</kind>
         <file>libsysbm.a</file>
         <name>hostrename.c.obj</name>
      </input_file>
      <input_file id="fl-f6">
         <path>C:\ti\ccs2000\ccs\tools\compiler\ti-cgt-armllvm_4.0.1.LTS\lib\armv6m-ti-none-eabi\c\</path>
         <kind>archive</kind>
         <file>libsysbm.a</file>
         <name>hostunlink.c.obj</name>
      </input_file>
      <input_file id="fl-f7">
         <path>C:\ti\ccs2000\ccs\tools\compiler\ti-cgt-armllvm_4.0.1.LTS\lib\armv6m-ti-none-eabi\c\</path>
         <kind>archive</kind>
         <file>libsysbm.a</file>
         <name>hostwrite.c.obj</name>
      </input_file>
      <input_file id="fl-f8">
         <path>C:\ti\ccs2000\ccs\tools\compiler\ti-cgt-armllvm_4.0.1.LTS\lib\armv6m-ti-none-eabi\c\</path>
         <kind>archive</kind>
         <file>libsysbm.a</file>
         <name>trgmsg.c.obj</name>
      </input_file>
      <input_file id="fl-f9">
         <path>C:\ti\ccs2000\ccs\tools\compiler\ti-cgt-armllvm_4.0.1.LTS\lib\armv6m-ti-none-eabi\</path>
         <kind>archive</kind>
         <file>libclang_rt.builtins.a</file>
         <name>adddf3.S.obj</name>
      </input_file>
      <input_file id="fl-fa">
         <path>C:\ti\ccs2000\ccs\tools\compiler\ti-cgt-armllvm_4.0.1.LTS\lib\armv6m-ti-none-eabi\</path>
         <kind>archive</kind>
         <file>libclang_rt.builtins.a</file>
         <name>muldf3.S.obj</name>
      </input_file>
      <input_file id="fl-fb">
         <path>C:\ti\ccs2000\ccs\tools\compiler\ti-cgt-armllvm_4.0.1.LTS\lib\armv6m-ti-none-eabi\</path>
         <kind>archive</kind>
         <file>libclang_rt.builtins.a</file>
         <name>muldsi3.S.obj</name>
      </input_file>
      <input_file id="fl-fc">
         <path>C:\ti\ccs2000\ccs\tools\compiler\ti-cgt-armllvm_4.0.1.LTS\lib\armv6m-ti-none-eabi\</path>
         <kind>archive</kind>
         <file>libclang_rt.builtins.a</file>
         <name>mulsf3.S.obj</name>
      </input_file>
      <input_file id="fl-fd">
         <path>C:\ti\ccs2000\ccs\tools\compiler\ti-cgt-armllvm_4.0.1.LTS\lib\armv6m-ti-none-eabi\</path>
         <kind>archive</kind>
         <file>libclang_rt.builtins.a</file>
         <name>divsf3.S.obj</name>
      </input_file>
      <input_file id="fl-fe">
         <path>C:\ti\ccs2000\ccs\tools\compiler\ti-cgt-armllvm_4.0.1.LTS\lib\armv6m-ti-none-eabi\</path>
         <kind>archive</kind>
         <file>libclang_rt.builtins.a</file>
         <name>divdf3.S.obj</name>
      </input_file>
      <input_file id="fl-ff">
         <path>C:\ti\ccs2000\ccs\tools\compiler\ti-cgt-armllvm_4.0.1.LTS\lib\armv6m-ti-none-eabi\</path>
         <kind>archive</kind>
         <file>libclang_rt.builtins.a</file>
         <name>fixdfsi.S.obj</name>
      </input_file>
      <input_file id="fl-100">
         <path>C:\ti\ccs2000\ccs\tools\compiler\ti-cgt-armllvm_4.0.1.LTS\lib\armv6m-ti-none-eabi\</path>
         <kind>archive</kind>
         <file>libclang_rt.builtins.a</file>
         <name>fixsfsi.S.obj</name>
      </input_file>
      <input_file id="fl-101">
         <path>C:\ti\ccs2000\ccs\tools\compiler\ti-cgt-armllvm_4.0.1.LTS\lib\armv6m-ti-none-eabi\</path>
         <kind>archive</kind>
         <file>libclang_rt.builtins.a</file>
         <name>fixunsdfsi.S.obj</name>
      </input_file>
      <input_file id="fl-102">
         <path>C:\ti\ccs2000\ccs\tools\compiler\ti-cgt-armllvm_4.0.1.LTS\lib\armv6m-ti-none-eabi\</path>
         <kind>archive</kind>
         <file>libclang_rt.builtins.a</file>
         <name>floatsidf.S.obj</name>
      </input_file>
      <input_file id="fl-103">
         <path>C:\ti\ccs2000\ccs\tools\compiler\ti-cgt-armllvm_4.0.1.LTS\lib\armv6m-ti-none-eabi\</path>
         <kind>archive</kind>
         <file>libclang_rt.builtins.a</file>
         <name>floatsisf.S.obj</name>
      </input_file>
      <input_file id="fl-104">
         <path>C:\ti\ccs2000\ccs\tools\compiler\ti-cgt-armllvm_4.0.1.LTS\lib\armv6m-ti-none-eabi\</path>
         <kind>archive</kind>
         <file>libclang_rt.builtins.a</file>
         <name>floatunsidf.S.obj</name>
      </input_file>
      <input_file id="fl-105">
         <path>C:\ti\ccs2000\ccs\tools\compiler\ti-cgt-armllvm_4.0.1.LTS\lib\armv6m-ti-none-eabi\</path>
         <kind>archive</kind>
         <file>libclang_rt.builtins.a</file>
         <name>muldi3.S.obj</name>
      </input_file>
      <input_file id="fl-106">
         <path>C:\ti\ccs2000\ccs\tools\compiler\ti-cgt-armllvm_4.0.1.LTS\lib\armv6m-ti-none-eabi\</path>
         <kind>archive</kind>
         <file>libclang_rt.builtins.a</file>
         <name>truncdfsf2.S.obj</name>
      </input_file>
      <input_file id="fl-107">
         <path>C:\ti\ccs2000\ccs\tools\compiler\ti-cgt-armllvm_4.0.1.LTS\lib\armv6m-ti-none-eabi\</path>
         <kind>archive</kind>
         <file>libclang_rt.builtins.a</file>
         <name>aeabi_dcmp.S.obj</name>
      </input_file>
      <input_file id="fl-108">
         <path>C:\ti\ccs2000\ccs\tools\compiler\ti-cgt-armllvm_4.0.1.LTS\lib\armv6m-ti-none-eabi\</path>
         <kind>archive</kind>
         <file>libclang_rt.builtins.a</file>
         <name>aeabi_idivmod.S.obj</name>
      </input_file>
      <input_file id="fl-109">
         <path>C:\ti\ccs2000\ccs\tools\compiler\ti-cgt-armllvm_4.0.1.LTS\lib\armv6m-ti-none-eabi\</path>
         <kind>archive</kind>
         <file>libclang_rt.builtins.a</file>
         <name>aeabi_memcpy.S.obj</name>
      </input_file>
      <input_file id="fl-10a">
         <path>C:\ti\ccs2000\ccs\tools\compiler\ti-cgt-armllvm_4.0.1.LTS\lib\armv6m-ti-none-eabi\</path>
         <kind>archive</kind>
         <file>libclang_rt.builtins.a</file>
         <name>aeabi_memset.S.obj</name>
      </input_file>
      <input_file id="fl-10b">
         <path>C:\ti\ccs2000\ccs\tools\compiler\ti-cgt-armllvm_4.0.1.LTS\lib\armv6m-ti-none-eabi\</path>
         <kind>archive</kind>
         <file>libclang_rt.builtins.a</file>
         <name>aeabi_uidivmod.S.obj</name>
      </input_file>
      <input_file id="fl-10c">
         <path>C:\ti\ccs2000\ccs\tools\compiler\ti-cgt-armllvm_4.0.1.LTS\lib\armv6m-ti-none-eabi\</path>
         <kind>archive</kind>
         <file>libclang_rt.builtins.a</file>
         <name>aeabi_uldivmod.S.obj</name>
      </input_file>
      <input_file id="fl-10d">
         <path>C:\ti\ccs2000\ccs\tools\compiler\ti-cgt-armllvm_4.0.1.LTS\lib\armv6m-ti-none-eabi\</path>
         <kind>archive</kind>
         <file>libclang_rt.builtins.a</file>
         <name>udivmoddi4.S.obj</name>
      </input_file>
      <input_file id="fl-10e">
         <path>C:\ti\ccs2000\ccs\tools\compiler\ti-cgt-armllvm_4.0.1.LTS\lib\armv6m-ti-none-eabi\</path>
         <kind>archive</kind>
         <file>libclang_rt.builtins.a</file>
         <name>ashldi3.S.obj</name>
      </input_file>
      <input_file id="fl-10f">
         <path>C:\ti\ccs2000\ccs\tools\compiler\ti-cgt-armllvm_4.0.1.LTS\lib\armv6m-ti-none-eabi\</path>
         <kind>archive</kind>
         <file>libclang_rt.builtins.a</file>
         <name>comparedf2.c.obj</name>
      </input_file>
      <input_file id="fl-110">
         <path>C:\ti\ccs2000\ccs\tools\compiler\ti-cgt-armllvm_4.0.1.LTS\lib\armv6m-ti-none-eabi\</path>
         <kind>archive</kind>
         <file>libclang_rt.builtins.a</file>
         <name>aeabi_div0.c.obj</name>
      </input_file>
      <input_file id="fl-111">
         <path>C:\ti\ccs2000\ccs\tools\compiler\ti-cgt-armllvm_4.0.1.LTS\lib\armv6m-ti-none-eabi\c\</path>
         <kind>archive</kind>
         <file>libc.a</file>
         <name>getdevice.c.obj</name>
      </input_file>
      <input_file id="fl-112">
         <path>C:\ti\ccs2000\ccs\tools\compiler\ti-cgt-armllvm_4.0.1.LTS\lib\armv6m-ti-none-eabi\c\</path>
         <kind>archive</kind>
         <file>libc.a</file>
         <name>memcpy16.S.obj</name>
      </input_file>
      <input_file id="fl-113">
         <path>C:\ti\ccs2000\ccs\tools\compiler\ti-cgt-armllvm_4.0.1.LTS\lib\armv6m-ti-none-eabi\c\</path>
         <kind>archive</kind>
         <file>libc.a</file>
         <name>memset16.S.obj</name>
      </input_file>
      <input_file id="fl-114">
         <path>C:\ti\ccs2000\ccs\tools\compiler\ti-cgt-armllvm_4.0.1.LTS\lib\armv6m-ti-none-eabi\c\</path>
         <kind>archive</kind>
         <file>libc.a</file>
         <name>strcmp-armv6m.S.obj</name>
      </input_file>
   </input_file_list>
   <object_component_list>
      <object_component id="oc-18">
         <name>.intvecs</name>
         <load_address>0x0</load_address>
         <readonly>true</readonly>
         <run_address>0x0</run_address>
         <size>0xc0</size>
         <alignment>0x4</alignment>
         <input_file_ref idref="fl-12"/>
      </object_component>
      <object_component id="oc-82">
         <name>.text.main</name>
         <load_address>0xef80</load_address>
         <readonly>true</readonly>
         <executable>true</executable>
         <run_address>0xef80</run_address>
         <size>0x824</size>
         <alignment>0x4</alignment>
         <input_file_ref idref="fl-8"/>
      </object_component>
      <object_component id="oc-a4">
         <name>.text.ST7735_DrawBitmapTransparent</name>
         <load_address>0xf7a4</load_address>
         <readonly>true</readonly>
         <executable>true</executable>
         <run_address>0xf7a4</run_address>
         <size>0x328</size>
         <alignment>0x4</alignment>
         <input_file_ref idref="fl-b"/>
      </object_component>
      <object_component id="oc-a3">
         <name>.text.ST7735_DrawBitmap</name>
         <load_address>0xfacc</load_address>
         <readonly>true</readonly>
         <executable>true</executable>
         <run_address>0xfacc</run_address>
         <size>0x210</size>
         <alignment>0x4</alignment>
         <input_file_ref idref="fl-b"/>
      </object_component>
      <object_component id="oc-e7">
         <name>.text.Clock_Init80MHz</name>
         <load_address>0xfcdc</load_address>
         <readonly>true</readonly>
         <executable>true</executable>
         <run_address>0xfcdc</run_address>
         <size>0x1b4</size>
         <alignment>0x4</alignment>
         <input_file_ref idref="fl-4"/>
      </object_component>
      <object_component id="oc-1be">
         <name>.text.ST7735_DrawChar</name>
         <load_address>0xfe90</load_address>
         <readonly>true</readonly>
         <executable>true</executable>
         <run_address>0xfe90</run_address>
         <size>0x1a8</size>
         <alignment>0x4</alignment>
         <input_file_ref idref="fl-b"/>
      </object_component>
      <object_component id="oc-b3">
         <name>.text.adddf3_subdf3</name>
         <load_address>0x10038</load_address>
         <readonly>true</readonly>
         <executable>true</executable>
         <run_address>0x10038</run_address>
         <size>0x192</size>
         <alignment>0x4</alignment>
         <input_file_ref idref="fl-f9"/>
      </object_component>
      <object_component id="oc-37">
         <name>.text.SysTick_Handler</name>
         <load_address>0x101ca</load_address>
         <readonly>true</readonly>
         <executable>true</executable>
         <run_address>0x101ca</run_address>
         <size>0x2</size>
         <alignment>0x2</alignment>
         <input_file_ref idref="fl-d"/>
      </object_component>
      <object_component id="oc-154">
         <name>.text._openfile</name>
         <load_address>0x101cc</load_address>
         <readonly>true</readonly>
         <executable>true</executable>
         <run_address>0x101cc</run_address>
         <size>0x154</size>
         <alignment>0x4</alignment>
         <input_file_ref idref="fl-35"/>
      </object_component>
      <object_component id="oc-11d">
         <name>.text.plotLineX</name>
         <load_address>0x10320</load_address>
         <readonly>true</readonly>
         <executable>true</executable>
         <run_address>0x10320</run_address>
         <size>0x11a</size>
         <alignment>0x2</alignment>
         <input_file_ref idref="fl-b"/>
      </object_component>
      <object_component id="oc-11f">
         <name>.text.__aeabi_idiv0</name>
         <load_address>0x1043a</load_address>
         <readonly>true</readonly>
         <executable>true</executable>
         <run_address>0x1043a</run_address>
         <size>0x2</size>
         <alignment>0x2</alignment>
         <input_file_ref idref="fl-110"/>
      </object_component>
      <object_component id="oc-10a">
         <name>.text.ST7735_FillRect</name>
         <load_address>0x1043c</load_address>
         <readonly>true</readonly>
         <executable>true</executable>
         <run_address>0x1043c</run_address>
         <size>0x118</size>
         <alignment>0x4</alignment>
         <input_file_ref idref="fl-b"/>
      </object_component>
      <object_component id="oc-11e">
         <name>.text.plotLineY</name>
         <load_address>0x10554</load_address>
         <readonly>true</readonly>
         <executable>true</executable>
         <run_address>0x10554</run_address>
         <size>0x118</size>
         <alignment>0x2</alignment>
         <input_file_ref idref="fl-b"/>
      </object_component>
      <object_component id="oc-1bc">
         <name>.text.aligned_alloc</name>
         <load_address>0x1066c</load_address>
         <readonly>true</readonly>
         <executable>true</executable>
         <run_address>0x1066c</run_address>
         <size>0x114</size>
         <alignment>0x4</alignment>
         <input_file_ref idref="fl-43"/>
      </object_component>
      <object_component id="oc-ab">
         <name>.text.__divdf3</name>
         <load_address>0x10780</load_address>
         <readonly>true</readonly>
         <executable>true</executable>
         <run_address>0x10780</run_address>
         <size>0x10c</size>
         <alignment>0x4</alignment>
         <input_file_ref idref="fl-fe"/>
      </object_component>
      <object_component id="oc-179">
         <name>.text.SPI_Init</name>
         <load_address>0x1088c</load_address>
         <readonly>true</readonly>
         <executable>true</executable>
         <run_address>0x1088c</run_address>
         <size>0xf8</size>
         <alignment>0x4</alignment>
         <input_file_ref idref="fl-a"/>
      </object_component>
      <object_component id="oc-ec">
         <name>.text.add_device</name>
         <load_address>0x10984</load_address>
         <readonly>true</readonly>
         <executable>true</executable>
         <run_address>0x10984</run_address>
         <size>0xec</size>
         <alignment>0x4</alignment>
         <input_file_ref idref="fl-ef"/>
      </object_component>
      <object_component id="oc-15d">
         <name>.text.free</name>
         <load_address>0x10a70</load_address>
         <readonly>true</readonly>
         <executable>true</executable>
         <run_address>0x10a70</run_address>
         <size>0xe8</size>
         <alignment>0x4</alignment>
         <input_file_ref idref="fl-43"/>
      </object_component>
      <object_component id="oc-af">
         <name>.text.__muldf3</name>
         <load_address>0x10b58</load_address>
         <readonly>true</readonly>
         <executable>true</executable>
         <run_address>0x10b58</run_address>
         <size>0xe4</size>
         <alignment>0x4</alignment>
         <input_file_ref idref="fl-fa"/>
      </object_component>
      <object_component id="oc-f7">
         <name>.text.setvbuf</name>
         <load_address>0x10c3c</load_address>
         <readonly>true</readonly>
         <executable>true</executable>
         <run_address>0x10c3c</run_address>
         <size>0xe0</size>
         <alignment>0x4</alignment>
         <input_file_ref idref="fl-39"/>
      </object_component>
      <object_component id="oc-bb">
         <name>.text.ST7735_Line</name>
         <load_address>0x10d1c</load_address>
         <readonly>true</readonly>
         <executable>true</executable>
         <run_address>0x10d1c</run_address>
         <size>0xd4</size>
         <alignment>0x2</alignment>
         <input_file_ref idref="fl-b"/>
      </object_component>
      <object_component id="oc-164">
         <name>.text.ST7735_OutChar</name>
         <load_address>0x10df0</load_address>
         <readonly>true</readonly>
         <executable>true</executable>
         <run_address>0x10df0</run_address>
         <size>0xd0</size>
         <alignment>0x4</alignment>
         <input_file_ref idref="fl-b"/>
      </object_component>
      <object_component id="oc-13c">
         <name>.text.commandList</name>
         <load_address>0x10ec0</load_address>
         <readonly>true</readonly>
         <executable>true</executable>
         <run_address>0x10ec0</run_address>
         <size>0xa2</size>
         <alignment>0x2</alignment>
         <input_file_ref idref="fl-b"/>
      </object_component>
      <object_component id="oc-170">
         <name>.text._nop</name>
         <load_address>0x10f62</load_address>
         <readonly>true</readonly>
         <executable>true</executable>
         <run_address>0x10f62</run_address>
         <size>0x2</size>
         <alignment>0x2</alignment>
         <input_file_ref idref="fl-3d"/>
      </object_component>
      <object_component id="oc-1a4">
         <name>.text.open</name>
         <load_address>0x10f64</load_address>
         <readonly>true</readonly>
         <executable>true</executable>
         <run_address>0x10f64</run_address>
         <size>0xa0</size>
         <alignment>0x4</alignment>
         <input_file_ref idref="fl-ec"/>
      </object_component>
      <object_component id="oc-9d">
         <name>.text.ST7735_InitPrintf</name>
         <load_address>0x11004</load_address>
         <readonly>true</readonly>
         <executable>true</executable>
         <run_address>0x11004</run_address>
         <size>0x9c</size>
         <alignment>0x4</alignment>
         <input_file_ref idref="fl-b"/>
      </object_component>
      <object_component id="oc-eb">
         <name>.text.ST7735_InitR</name>
         <load_address>0x110a0</load_address>
         <readonly>true</readonly>
         <executable>true</executable>
         <run_address>0x110a0</run_address>
         <size>0x98</size>
         <alignment>0x4</alignment>
         <input_file_ref idref="fl-b"/>
      </object_component>
      <object_component id="oc-10d">
         <name>.text.setAddrWindow</name>
         <load_address>0x11138</load_address>
         <readonly>true</readonly>
         <executable>true</executable>
         <run_address>0x11138</run_address>
         <size>0x88</size>
         <alignment>0x4</alignment>
         <input_file_ref idref="fl-b"/>
      </object_component>
      <object_component id="oc-17c">
         <name>.text:strcmp</name>
         <load_address>0x111c0</load_address>
         <readonly>true</readonly>
         <executable>true</executable>
         <run_address>0x111c0</run_address>
         <size>0x88</size>
         <alignment>0x10</alignment>
         <input_file_ref idref="fl-114"/>
      </object_component>
      <object_component id="oc-1bd">
         <name>.text.ST7735_DrawString</name>
         <load_address>0x11248</load_address>
         <readonly>true</readonly>
         <executable>true</executable>
         <run_address>0x11248</run_address>
         <size>0x84</size>
         <alignment>0x2</alignment>
         <input_file_ref idref="fl-b"/>
      </object_component>
      <object_component id="oc-98">
         <name>.text.LaunchPad_Init</name>
         <load_address>0x112cc</load_address>
         <readonly>true</readonly>
         <executable>true</executable>
         <run_address>0x112cc</run_address>
         <size>0x7c</size>
         <alignment>0x4</alignment>
         <input_file_ref idref="fl-9"/>
      </object_component>
      <object_component id="oc-157">
         <name>.text.__TI_closefile</name>
         <load_address>0x11348</load_address>
         <readonly>true</readonly>
         <executable>true</executable>
         <run_address>0x11348</run_address>
         <size>0x7c</size>
         <alignment>0x4</alignment>
         <input_file_ref idref="fl-4c"/>
      </object_component>
      <object_component id="oc-1c">
         <name>.text:decompress:lzss</name>
         <load_address>0x113c4</load_address>
         <readonly>true</readonly>
         <executable>true</executable>
         <run_address>0x113c4</run_address>
         <size>0x7c</size>
         <alignment>0x4</alignment>
         <input_file_ref idref="fl-46"/>
      </object_component>
      <object_component id="oc-113">
         <name>.text.ST7735_DrawPixel</name>
         <load_address>0x11440</load_address>
         <readonly>true</readonly>
         <executable>true</executable>
         <run_address>0x11440</run_address>
         <size>0x70</size>
         <alignment>0x4</alignment>
         <input_file_ref idref="fl-b"/>
      </object_component>
      <object_component id="oc-192">
         <name>.text.HOSTlseek</name>
         <load_address>0x114b0</load_address>
         <readonly>true</readonly>
         <executable>true</executable>
         <run_address>0x114b0</run_address>
         <size>0x6c</size>
         <alignment>0x4</alignment>
         <input_file_ref idref="fl-f2"/>
      </object_component>
      <object_component id="oc-19a">
         <name>.text.HOSTrename</name>
         <load_address>0x1151c</load_address>
         <readonly>true</readonly>
         <executable>true</executable>
         <run_address>0x1151c</run_address>
         <size>0x6c</size>
         <alignment>0x4</alignment>
         <input_file_ref idref="fl-f5"/>
      </object_component>
      <object_component id="oc-1e1">
         <name>.text.getdevice</name>
         <load_address>0x11588</load_address>
         <readonly>true</readonly>
         <executable>true</executable>
         <run_address>0x11588</run_address>
         <size>0x6c</size>
         <alignment>0x4</alignment>
         <input_file_ref idref="fl-111"/>
      </object_component>
      <object_component id="oc-1f8">
         <name>.text.split</name>
         <load_address>0x115f4</load_address>
         <readonly>true</readonly>
         <executable>true</executable>
         <run_address>0x115f4</run_address>
         <size>0x64</size>
         <alignment>0x4</alignment>
         <input_file_ref idref="fl-43"/>
      </object_component>
      <object_component id="oc-182">
         <name>.text.HOSTopen</name>
         <load_address>0x11658</load_address>
         <readonly>true</readonly>
         <executable>true</executable>
         <run_address>0x11658</run_address>
         <size>0x60</size>
         <alignment>0x4</alignment>
         <input_file_ref idref="fl-f3"/>
      </object_component>
      <object_component id="oc-18a">
         <name>.text.HOSTread</name>
         <load_address>0x116b8</load_address>
         <readonly>true</readonly>
         <executable>true</executable>
         <run_address>0x116b8</run_address>
         <size>0x58</size>
         <alignment>0x4</alignment>
         <input_file_ref idref="fl-f4"/>
      </object_component>
      <object_component id="oc-18e">
         <name>.text.HOSTwrite</name>
         <load_address>0x11710</load_address>
         <readonly>true</readonly>
         <executable>true</executable>
         <run_address>0x11710</run_address>
         <size>0x58</size>
         <alignment>0x4</alignment>
         <input_file_ref idref="fl-f7"/>
      </object_component>
      <object_component id="oc-bc">
         <name>.text.__aeabi_idivmod</name>
         <load_address>0x11768</load_address>
         <readonly>true</readonly>
         <executable>true</executable>
         <run_address>0x11768</run_address>
         <size>0x56</size>
         <alignment>0x4</alignment>
         <input_file_ref idref="fl-108"/>
      </object_component>
      <object_component id="oc-1a8">
         <name>.text.__TI_doflush</name>
         <load_address>0x117be</load_address>
         <readonly>true</readonly>
         <executable>true</executable>
         <run_address>0x117be</run_address>
         <size>0x52</size>
         <alignment>0x2</alignment>
         <input_file_ref idref="fl-4d"/>
      </object_component>
      <object_component id="oc-1ae">
         <name>.text.close</name>
         <load_address>0x11810</load_address>
         <readonly>true</readonly>
         <executable>true</executable>
         <run_address>0x11810</run_address>
         <size>0x50</size>
         <alignment>0x4</alignment>
         <input_file_ref idref="fl-ee"/>
      </object_component>
      <object_component id="oc-b7">
         <name>.text.__fixdfsi</name>
         <load_address>0x11860</load_address>
         <readonly>true</readonly>
         <executable>true</executable>
         <run_address>0x11860</run_address>
         <size>0x4a</size>
         <alignment>0x4</alignment>
         <input_file_ref idref="fl-ff"/>
      </object_component>
      <object_component id="oc-186">
         <name>.text.HOSTclose</name>
         <load_address>0x118ac</load_address>
         <readonly>true</readonly>
         <executable>true</executable>
         <run_address>0x118ac</run_address>
         <size>0x48</size>
         <alignment>0x4</alignment>
         <input_file_ref idref="fl-f1"/>
      </object_component>
      <object_component id="oc-196">
         <name>.text.HOSTunlink</name>
         <load_address>0x118f4</load_address>
         <readonly>true</readonly>
         <executable>true</executable>
         <run_address>0x118f4</run_address>
         <size>0x48</size>
         <alignment>0x4</alignment>
         <input_file_ref idref="fl-f6"/>
      </object_component>
      <object_component id="oc-13d">
         <name>.text.SPI_OutCommand</name>
         <load_address>0x1193c</load_address>
         <readonly>true</readonly>
         <executable>true</executable>
         <run_address>0x1193c</run_address>
         <size>0x48</size>
         <alignment>0x4</alignment>
         <input_file_ref idref="fl-a"/>
      </object_component>
      <object_component id="oc-1c1">
         <name>.text.SPI_Reset</name>
         <load_address>0x11984</load_address>
         <readonly>true</readonly>
         <executable>true</executable>
         <run_address>0x11984</run_address>
         <size>0x40</size>
         <alignment>0x4</alignment>
         <input_file_ref idref="fl-a"/>
      </object_component>
      <object_component id="oc-3c">
         <name>.text.TIMG7_IRQHandler</name>
         <load_address>0x119c4</load_address>
         <readonly>true</readonly>
         <executable>true</executable>
         <run_address>0x119c4</run_address>
         <size>0x40</size>
         <alignment>0x4</alignment>
         <input_file_ref idref="fl-f"/>
      </object_component>
      <object_component id="oc-125">
         <name>.text.__aeabi_uidivmod</name>
         <load_address>0x11a04</load_address>
         <readonly>true</readonly>
         <executable>true</executable>
         <run_address>0x11a04</run_address>
         <size>0x40</size>
         <alignment>0x4</alignment>
         <input_file_ref idref="fl-10b"/>
      </object_component>
      <object_component id="oc-153">
         <name>.text._search_fp</name>
         <load_address>0x11a44</load_address>
         <readonly>true</readonly>
         <executable>true</executable>
         <run_address>0x11a44</run_address>
         <size>0x40</size>
         <alignment>0x4</alignment>
         <input_file_ref idref="fl-35"/>
      </object_component>
      <object_component id="oc-ce">
         <name>.text:__TI_auto_init_nobinit_nopinit</name>
         <load_address>0x11a84</load_address>
         <readonly>true</readonly>
         <executable>true</executable>
         <run_address>0x11a84</run_address>
         <size>0x3c</size>
         <alignment>0x4</alignment>
         <input_file_ref idref="fl-51"/>
      </object_component>
      <object_component id="oc-116">
         <name>.text.__muldsi3</name>
         <load_address>0x11ac0</load_address>
         <readonly>true</readonly>
         <executable>true</executable>
         <run_address>0x11ac0</run_address>
         <size>0x3a</size>
         <alignment>0x4</alignment>
         <input_file_ref idref="fl-fb"/>
      </object_component>
      <object_component id="oc-e8">
         <name>.text.ActivatePortA_B</name>
         <load_address>0x11afc</load_address>
         <readonly>true</readonly>
         <executable>true</executable>
         <run_address>0x11afc</run_address>
         <size>0x38</size>
         <alignment>0x4</alignment>
         <input_file_ref idref="fl-9"/>
      </object_component>
      <object_component id="oc-10e">
         <name>.text.SPI_OutData</name>
         <load_address>0x11b34</load_address>
         <readonly>true</readonly>
         <executable>true</executable>
         <run_address>0x11b34</run_address>
         <size>0x38</size>
         <alignment>0x4</alignment>
         <input_file_ref idref="fl-a"/>
      </object_component>
      <object_component id="oc-c0">
         <name>.text.Clock_Delay1ms</name>
         <load_address>0x11b6c</load_address>
         <readonly>true</readonly>
         <executable>true</executable>
         <run_address>0x11b6c</run_address>
         <size>0x34</size>
         <alignment>0x4</alignment>
         <input_file_ref idref="fl-4"/>
      </object_component>
      <object_component id="oc-13e">
         <name>.text.ST7735_SetCursor</name>
         <load_address>0x11ba0</load_address>
         <readonly>true</readonly>
         <executable>true</executable>
         <run_address>0x11ba0</run_address>
         <size>0x34</size>
         <alignment>0x4</alignment>
         <input_file_ref idref="fl-b"/>
      </object_component>
      <object_component id="oc-fe">
         <name>.text.ST7735_write</name>
         <load_address>0x11bd4</load_address>
         <readonly>true</readonly>
         <executable>true</executable>
         <run_address>0x11bd4</run_address>
         <size>0x34</size>
         <alignment>0x2</alignment>
         <input_file_ref idref="fl-b"/>
      </object_component>
      <object_component id="oc-160">
         <name>.text.__TI_cleanup</name>
         <load_address>0x11c08</load_address>
         <readonly>true</readonly>
         <executable>true</executable>
         <run_address>0x11c08</run_address>
         <size>0x34</size>
         <alignment>0x4</alignment>
         <input_file_ref idref="fl-35"/>
      </object_component>
      <object_component id="oc-1c9">
         <name>.text.__TI_readmsg</name>
         <load_address>0x11c3c</load_address>
         <readonly>true</readonly>
         <executable>true</executable>
         <run_address>0x11c3c</run_address>
         <size>0x34</size>
         <alignment>0x4</alignment>
         <input_file_ref idref="fl-f8"/>
      </object_component>
      <object_component id="oc-1c3">
         <name>.text.__TI_writemsg</name>
         <load_address>0x11c70</load_address>
         <readonly>true</readonly>
         <executable>true</executable>
         <run_address>0x11c70</run_address>
         <size>0x34</size>
         <alignment>0x4</alignment>
         <input_file_ref idref="fl-f8"/>
      </object_component>
      <object_component id="oc-cc">
         <name>.text.exit</name>
         <load_address>0x11ca4</load_address>
         <readonly>true</readonly>
         <executable>true</executable>
         <run_address>0x11ca4</run_address>
         <size>0x34</size>
         <alignment>0x4</alignment>
         <input_file_ref idref="fl-3c"/>
      </object_component>
      <object_component id="oc-147">
         <name>.text.finddevice</name>
         <load_address>0x11cd8</load_address>
         <readonly>true</readonly>
         <executable>true</executable>
         <run_address>0x11cd8</run_address>
         <size>0x34</size>
         <alignment>0x4</alignment>
         <input_file_ref idref="fl-111"/>
      </object_component>
      <object_component id="oc-f6">
         <name>.text.freopen</name>
         <load_address>0x11d0c</load_address>
         <readonly>true</readonly>
         <executable>true</executable>
         <run_address>0x11d0c</run_address>
         <size>0x34</size>
         <alignment>0x4</alignment>
         <input_file_ref idref="fl-35"/>
      </object_component>
      <object_component id="oc-13b">
         <name>.text.commonInit</name>
         <load_address>0x11d40</load_address>
         <readonly>true</readonly>
         <executable>true</executable>
         <run_address>0x11d40</run_address>
         <size>0x30</size>
         <alignment>0x4</alignment>
         <input_file_ref idref="fl-b"/>
      </object_component>
      <object_component id="oc-f0">
         <name>.text.fopen</name>
         <load_address>0x11d70</load_address>
         <readonly>true</readonly>
         <executable>true</executable>
         <run_address>0x11d70</run_address>
         <size>0x30</size>
         <alignment>0x4</alignment>
         <input_file_ref idref="fl-35"/>
      </object_component>
      <object_component id="oc-a2">
         <name>.text.ST7735_FillScreen</name>
         <load_address>0x11da0</load_address>
         <readonly>true</readonly>
         <executable>true</executable>
         <run_address>0x11da0</run_address>
         <size>0x2c</size>
         <alignment>0x4</alignment>
         <input_file_ref idref="fl-b"/>
      </object_component>
      <object_component id="oc-a7">
         <name>.text.__floatsidf</name>
         <load_address>0x11dcc</load_address>
         <readonly>true</readonly>
         <executable>true</executable>
         <run_address>0x11dcc</run_address>
         <size>0x2c</size>
         <alignment>0x4</alignment>
         <input_file_ref idref="fl-102"/>
      </object_component>
      <object_component id="oc-1f0">
         <name>.text.unlink</name>
         <load_address>0x11df8</load_address>
         <readonly>true</readonly>
         <executable>true</executable>
         <run_address>0x11df8</run_address>
         <size>0x2c</size>
         <alignment>0x4</alignment>
         <input_file_ref idref="fl-f0"/>
      </object_component>
      <object_component id="oc-41">
         <name>.text.TIMG12_IRQHandler</name>
         <load_address>0x11e24</load_address>
         <readonly>true</readonly>
         <executable>true</executable>
         <run_address>0x11e24</run_address>
         <size>0x28</size>
         <alignment>0x4</alignment>
         <input_file_ref idref="fl-8"/>
      </object_component>
      <object_component id="oc-1bb">
         <name>.text.free_list_insert</name>
         <load_address>0x11e4c</load_address>
         <readonly>true</readonly>
         <executable>true</executable>
         <run_address>0x11e4c</run_address>
         <size>0x28</size>
         <alignment>0x4</alignment>
         <input_file_ref idref="fl-43"/>
      </object_component>
      <object_component id="oc-1e7">
         <name>.text.write</name>
         <load_address>0x11e74</load_address>
         <readonly>true</readonly>
         <executable>true</executable>
         <run_address>0x11e74</run_address>
         <size>0x28</size>
         <alignment>0x4</alignment>
         <input_file_ref idref="fl-e9"/>
      </object_component>
      <object_component id="oc-61">
         <name>.text:_c_int00_noargs</name>
         <load_address>0x11e9c</load_address>
         <readonly>true</readonly>
         <executable>true</executable>
         <run_address>0x11e9c</run_address>
         <size>0x28</size>
         <alignment>0x4</alignment>
         <input_file_ref idref="fl-47"/>
      </object_component>
      <object_component id="oc-16a">
         <name>.text.pushColor</name>
         <load_address>0x11ec4</load_address>
         <readonly>true</readonly>
         <executable>true</executable>
         <run_address>0x11ec4</run_address>
         <size>0x1e</size>
         <alignment>0x2</alignment>
         <input_file_ref idref="fl-b"/>
      </object_component>
      <object_component id="oc-35">
         <name>.text.Default_Handler</name>
         <load_address>0x11ee4</load_address>
         <readonly>true</readonly>
         <executable>true</executable>
         <run_address>0x11ee4</run_address>
         <size>0x1c</size>
         <alignment>0x4</alignment>
         <input_file_ref idref="fl-12"/>
      </object_component>
      <object_component id="oc-36">
         <name>.text.HardFault_Handler</name>
         <load_address>0x11f00</load_address>
         <readonly>true</readonly>
         <executable>true</executable>
         <run_address>0x11f00</run_address>
         <size>0x1c</size>
         <alignment>0x4</alignment>
         <input_file_ref idref="fl-12"/>
      </object_component>
      <object_component id="oc-1b9">
         <name>.text.free_list_remove</name>
         <load_address>0x11f1c</load_address>
         <readonly>true</readonly>
         <executable>true</executable>
         <run_address>0x11f1c</run_address>
         <size>0x1c</size>
         <alignment>0x4</alignment>
         <input_file_ref idref="fl-43"/>
      </object_component>
      <object_component id="oc-101">
         <name>.text.ST7735_open</name>
         <load_address>0x11f38</load_address>
         <readonly>true</readonly>
         <executable>true</executable>
         <run_address>0x11f38</run_address>
         <size>0x16</size>
         <alignment>0x2</alignment>
         <input_file_ref idref="fl-b"/>
      </object_component>
      <object_component id="oc-ff">
         <name>.text.ST7735_read</name>
         <load_address>0x11f4e</load_address>
         <readonly>true</readonly>
         <executable>true</executable>
         <run_address>0x11f4e</run_address>
         <size>0x16</size>
         <alignment>0x2</alignment>
         <input_file_ref idref="fl-b"/>
      </object_component>
      <object_component id="oc-58">
         <name>.text:decompress:ZI:__TI_zero_init_nomemset</name>
         <load_address>0x11f64</load_address>
         <readonly>true</readonly>
         <executable>true</executable>
         <run_address>0x11f64</run_address>
         <size>0x16</size>
         <alignment>0x2</alignment>
         <input_file_ref idref="fl-44"/>
      </object_component>
      <object_component id="oc-8d">
         <name>.text:TI_memcpy_small</name>
         <load_address>0x11f7a</load_address>
         <readonly>true</readonly>
         <executable>true</executable>
         <run_address>0x11f7a</run_address>
         <size>0x12</size>
         <alignment>0x1</alignment>
         <input_file_ref idref="fl-112"/>
      </object_component>
      <object_component id="oc-20">
         <name>.text:decompress:none</name>
         <load_address>0x11f8c</load_address>
         <readonly>true</readonly>
         <executable>true</executable>
         <run_address>0x11f8c</run_address>
         <size>0x12</size>
         <alignment>0x2</alignment>
         <input_file_ref idref="fl-45"/>
      </object_component>
      <object_component id="oc-129">
         <name>.text.Clock_Delay</name>
         <load_address>0x11f9e</load_address>
         <readonly>true</readonly>
         <executable>true</executable>
         <run_address>0x11f9e</run_address>
         <size>0x10</size>
         <alignment>0x2</alignment>
         <input_file_ref idref="fl-4"/>
      </object_component>
      <object_component id="oc-13a">
         <name>.text.Delay</name>
         <load_address>0x11fae</load_address>
         <readonly>true</readonly>
         <executable>true</executable>
         <run_address>0x11fae</run_address>
         <size>0x10</size>
         <alignment>0x2</alignment>
         <input_file_ref idref="fl-9"/>
      </object_component>
      <object_component id="oc-1ba">
         <name>.text.OUTLINED_FUNCTION_0</name>
         <load_address>0x11fbe</load_address>
         <readonly>true</readonly>
         <executable>true</executable>
         <run_address>0x11fbe</run_address>
         <size>0xe</size>
         <alignment>0x2</alignment>
         <input_file_ref idref="fl-43"/>
      </object_component>
      <object_component id="oc-fd">
         <name>.text.ST7735_lseek</name>
         <load_address>0x11fcc</load_address>
         <readonly>true</readonly>
         <executable>true</executable>
         <run_address>0x11fcc</run_address>
         <size>0xe</size>
         <alignment>0x2</alignment>
         <input_file_ref idref="fl-b"/>
      </object_component>
      <object_component id="oc-1dd">
         <name>.text.strcpy</name>
         <load_address>0x11fda</load_address>
         <readonly>true</readonly>
         <executable>true</executable>
         <run_address>0x11fda</run_address>
         <size>0xe</size>
         <alignment>0x2</alignment>
         <input_file_ref idref="fl-f5"/>
      </object_component>
      <object_component id="oc-1de">
         <name>.text.strlen</name>
         <load_address>0x11fe8</load_address>
         <readonly>true</readonly>
         <executable>true</executable>
         <run_address>0x11fe8</run_address>
         <size>0xe</size>
         <alignment>0x2</alignment>
         <input_file_ref idref="fl-f5"/>
      </object_component>
      <object_component id="oc-e1">
         <name>.text:TI_memset_small</name>
         <load_address>0x11ff6</load_address>
         <readonly>true</readonly>
         <executable>true</executable>
         <run_address>0x11ff6</run_address>
         <size>0xe</size>
         <alignment>0x1</alignment>
         <input_file_ref idref="fl-113"/>
      </object_component>
      <object_component id="oc-1c0">
         <name>.text.Clock_Freq</name>
         <load_address>0x12004</load_address>
         <readonly>true</readonly>
         <executable>true</executable>
         <run_address>0x12004</run_address>
         <size>0xc</size>
         <alignment>0x4</alignment>
         <input_file_ref idref="fl-4"/>
      </object_component>
      <object_component id="oc-fb">
         <name>.text.ST7735_rename</name>
         <load_address>0x12010</load_address>
         <readonly>true</readonly>
         <executable>true</executable>
         <run_address>0x12010</run_address>
         <size>0xc</size>
         <alignment>0x2</alignment>
         <input_file_ref idref="fl-b"/>
      </object_component>
      <object_component id="oc-79">
         <name>.text.__aeabi_memclr</name>
         <load_address>0x1201c</load_address>
         <readonly>true</readonly>
         <executable>true</executable>
         <run_address>0x1201c</run_address>
         <size>0xc</size>
         <alignment>0x4</alignment>
         <input_file_ref idref="fl-10a"/>
      </object_component>
      <object_component id="oc-15f">
         <name>.text.malloc</name>
         <load_address>0x12028</load_address>
         <readonly>true</readonly>
         <executable>true</executable>
         <run_address>0x12028</run_address>
         <size>0xc</size>
         <alignment>0x2</alignment>
         <input_file_ref idref="fl-43"/>
      </object_component>
      <object_component id="oc-97">
         <name>.text.PLL_Init</name>
         <load_address>0x12034</load_address>
         <readonly>true</readonly>
         <executable>true</executable>
         <run_address>0x12034</run_address>
         <size>0xa</size>
         <alignment>0x2</alignment>
         <input_file_ref idref="fl-8"/>
      </object_component>
      <object_component id="oc-102">
         <name>.text.ST7735_close</name>
         <load_address>0x1203e</load_address>
         <readonly>true</readonly>
         <executable>true</executable>
         <run_address>0x1203e</run_address>
         <size>0xa</size>
         <alignment>0x2</alignment>
         <input_file_ref idref="fl-b"/>
      </object_component>
      <object_component id="oc-fc">
         <name>.text.ST7735_unlink</name>
         <load_address>0x12048</load_address>
         <readonly>true</readonly>
         <executable>true</executable>
         <run_address>0x12048</run_address>
         <size>0xa</size>
         <alignment>0x2</alignment>
         <input_file_ref idref="fl-b"/>
      </object_component>
      <object_component id="oc-51">
         <name>.text.__aeabi_memcpy</name>
         <load_address>0x12054</load_address>
         <readonly>true</readonly>
         <executable>true</executable>
         <run_address>0x12054</run_address>
         <size>0x8</size>
         <alignment>0x4</alignment>
         <input_file_ref idref="fl-109"/>
      </object_component>
      <object_component id="oc-1b2">
         <name>.text.remove</name>
         <load_address>0x1205c</load_address>
         <readonly>true</readonly>
         <executable>true</executable>
         <run_address>0x1205c</run_address>
         <size>0x8</size>
         <alignment>0x2</alignment>
         <input_file_ref idref="fl-eb"/>
      </object_component>
      <object_component id="oc-31">
         <name>.text.Reset_Handler</name>
         <load_address>0x12064</load_address>
         <readonly>true</readonly>
         <executable>true</executable>
         <run_address>0x12064</run_address>
         <size>0x4</size>
         <alignment>0x2</alignment>
         <input_file_ref idref="fl-12"/>
      </object_component>
      <object_component id="oc-7e">
         <name>.text._system_pre_init</name>
         <load_address>0x12068</load_address>
         <readonly>true</readonly>
         <executable>true</executable>
         <run_address>0x12068</run_address>
         <size>0x4</size>
         <alignment>0x2</alignment>
         <input_file_ref idref="fl-52"/>
      </object_component>
      <object_component id="oc-c7">
         <name>.text:abort</name>
         <load_address>0x1206c</load_address>
         <readonly>true</readonly>
         <executable>true</executable>
         <run_address>0x1206c</run_address>
         <size>0x4</size>
         <alignment>0x2</alignment>
         <input_file_ref idref="fl-3c"/>
      </object_component>
      <object_component id="oc-245">
         <name>.cinit..data.load</name>
         <load_address>0x12070</load_address>
         <readonly>true</readonly>
         <run_address>0x12070</run_address>
         <size>0x6f</size>
         <alignment>0x1</alignment>
      </object_component>
      <object_component id="oc-243">
         <name>__TI_handler_table</name>
         <load_address>0x120e0</load_address>
         <readonly>true</readonly>
         <run_address>0x120e0</run_address>
         <size>0xc</size>
         <alignment>0x4</alignment>
      </object_component>
      <object_component id="oc-246">
         <name>.cinit..bss.load</name>
         <load_address>0x120ec</load_address>
         <readonly>true</readonly>
         <run_address>0x120ec</run_address>
         <size>0x8</size>
         <alignment>0x4</alignment>
      </object_component>
      <object_component id="oc-244">
         <name>__TI_cinit_table</name>
         <load_address>0x120f4</load_address>
         <readonly>true</readonly>
         <run_address>0x120f4</run_address>
         <size>0x10</size>
         <alignment>0x4</alignment>
      </object_component>
      <object_component id="oc-a5">
         <name>.rodata.spacey</name>
         <load_address>0xc0</load_address>
         <readonly>true</readonly>
         <run_address>0xc0</run_address>
         <size>0xa000</size>
         <alignment>0x2</alignment>
         <input_file_ref idref="fl-8"/>
      </object_component>
      <object_component id="oc-a6">
         <name>.rodata.xwing</name>
         <load_address>0xa0c0</load_address>
         <readonly>true</readonly>
         <run_address>0xa0c0</run_address>
         <size>0x2968</size>
         <alignment>0x2</alignment>
         <input_file_ref idref="fl-8"/>
      </object_component>
      <object_component id="oc-c5">
         <name>.rodata.star</name>
         <load_address>0xca28</load_address>
         <readonly>true</readonly>
         <run_address>0xca28</run_address>
         <size>0x1e00</size>
         <alignment>0x2</alignment>
         <input_file_ref idref="fl-8"/>
      </object_component>
      <object_component id="oc-1fa">
         <name>.rodata.Font</name>
         <load_address>0xe828</load_address>
         <readonly>true</readonly>
         <run_address>0xe828</run_address>
         <size>0x4fb</size>
         <alignment>0x1</alignment>
         <input_file_ref idref="fl-b"/>
      </object_component>
      <object_component id="oc-c6">
         <name>.rodata.jet</name>
         <load_address>0xed24</load_address>
         <readonly>true</readonly>
         <run_address>0xed24</run_address>
         <size>0x1a4</size>
         <alignment>0x2</alignment>
         <input_file_ref idref="fl-8"/>
      </object_component>
      <object_component id="oc-13f">
         <name>.rodata.Rcmd1</name>
         <load_address>0xeec8</load_address>
         <readonly>true</readonly>
         <run_address>0xeec8</run_address>
         <size>0x3b</size>
         <alignment>0x1</alignment>
         <input_file_ref idref="fl-b"/>
      </object_component>
      <object_component id="oc-144">
         <name>.rodata.Rcmd3</name>
         <load_address>0xef03</load_address>
         <readonly>true</readonly>
         <run_address>0xef03</run_address>
         <size>0x2b</size>
         <alignment>0x1</alignment>
         <input_file_ref idref="fl-b"/>
      </object_component>
      <object_component id="oc-1bf">
         <name>.rodata.str1.8029580491141062941</name>
         <load_address>0xef2e</load_address>
         <readonly>true</readonly>
         <run_address>0xef2e</run_address>
         <size>0x16</size>
         <alignment>0x1</alignment>
         <input_file_ref idref="fl-b"/>
      </object_component>
      <object_component id="oc-141">
         <name>.rodata.Rcmd2green</name>
         <load_address>0xef44</load_address>
         <readonly>true</readonly>
         <run_address>0xef44</run_address>
         <size>0xd</size>
         <alignment>0x1</alignment>
         <input_file_ref idref="fl-b"/>
      </object_component>
      <object_component id="oc-140">
         <name>.rodata.Rcmd2red</name>
         <load_address>0xef51</load_address>
         <readonly>true</readonly>
         <run_address>0xef51</run_address>
         <size>0xd</size>
         <alignment>0x1</alignment>
         <input_file_ref idref="fl-b"/>
      </object_component>
      <object_component id="oc-107">
         <name>.rodata.str1.172218582549810153381</name>
         <load_address>0xef5e</load_address>
         <readonly>true</readonly>
         <run_address>0xef5e</run_address>
         <size>0x8</size>
         <alignment>0x1</alignment>
         <input_file_ref idref="fl-b"/>
      </object_component>
      <object_component id="oc-100">
         <name>.rodata.str1.172688256203839896191</name>
         <load_address>0xef66</load_address>
         <readonly>true</readonly>
         <run_address>0xef66</run_address>
         <size>0x7</size>
         <alignment>0x1</alignment>
         <input_file_ref idref="fl-b"/>
      </object_component>
      <object_component id="oc-103">
         <name>.rodata.str1.30793926615672304921</name>
         <load_address>0xef6d</load_address>
         <readonly>true</readonly>
         <run_address>0xef6d</run_address>
         <size>0x7</size>
         <alignment>0x1</alignment>
         <input_file_ref idref="fl-b"/>
      </object_component>
      <object_component id="oc-104">
         <name>.rodata.str1.164914459445086938601</name>
         <load_address>0xef74</load_address>
         <readonly>true</readonly>
         <run_address>0xef74</run_address>
         <size>0x2</size>
         <alignment>0x1</alignment>
         <input_file_ref idref="fl-b"/>
      </object_component>
      <object_component id="oc-20d">
         <name>.binit</name>
         <load_address>0x0</load_address>
         <readonly>true</readonly>
         <run_address>0x0</run_address>
         <size>0x0</size>
         <alignment>0x4</alignment>
      </object_component>
      <object_component id="oc-12a">
         <name>.data.BusFreq</name>
         <load_address>0x202003c0</load_address>
         <readwrite>true</readwrite>
         <run_address>0x202003c0</run_address>
         <size>0x4</size>
         <alignment>0x4</alignment>
         <input_file_ref idref="fl-4"/>
      </object_component>
      <object_component id="oc-17a">
         <name>.data.StX</name>
         <load_address>0x202003c4</load_address>
         <readwrite>true</readwrite>
         <run_address>0x202003c4</run_address>
         <size>0x4</size>
         <alignment>0x4</alignment>
         <input_file_ref idref="fl-b"/>
      </object_component>
      <object_component id="oc-17b">
         <name>.data.StY</name>
         <load_address>0x202003c8</load_address>
         <readwrite>true</readwrite>
         <run_address>0x202003c8</run_address>
         <size>0x4</size>
         <alignment>0x4</alignment>
         <input_file_ref idref="fl-b"/>
      </object_component>
      <object_component id="oc-146">
         <name>.data.StTextColor</name>
         <load_address>0x202003d8</load_address>
         <readwrite>true</readwrite>
         <run_address>0x202003d8</run_address>
         <size>0x2</size>
         <alignment>0x2</alignment>
         <input_file_ref idref="fl-b"/>
      </object_component>
      <object_component id="oc-10b">
         <name>.data._width</name>
         <load_address>0x202003dc</load_address>
         <readwrite>true</readwrite>
         <run_address>0x202003dc</run_address>
         <size>0x2</size>
         <alignment>0x2</alignment>
         <input_file_ref idref="fl-b"/>
      </object_component>
      <object_component id="oc-10c">
         <name>.data._height</name>
         <load_address>0x202003da</load_address>
         <readwrite>true</readwrite>
         <run_address>0x202003da</run_address>
         <size>0x2</size>
         <alignment>0x2</alignment>
         <input_file_ref idref="fl-b"/>
      </object_component>
      <object_component id="oc-131">
         <name>.data..L_MergedGlobals</name>
         <load_address>0x202003b8</load_address>
         <readwrite>true</readwrite>
         <run_address>0x202003b8</run_address>
         <size>0x8</size>
         <alignment>0x4</alignment>
         <input_file_ref idref="fl-3c"/>
      </object_component>
      <object_component id="oc-12f">
         <name>.data._lock</name>
         <load_address>0x202003d0</load_address>
         <readwrite>true</readwrite>
         <run_address>0x202003d0</run_address>
         <size>0x4</size>
         <alignment>0x4</alignment>
         <input_file_ref idref="fl-3d"/>
      </object_component>
      <object_component id="oc-132">
         <name>.data._unlock</name>
         <load_address>0x202003d4</load_address>
         <readwrite>true</readwrite>
         <run_address>0x202003d4</run_address>
         <size>0x4</size>
         <alignment>0x4</alignment>
         <input_file_ref idref="fl-3d"/>
      </object_component>
      <object_component id="oc-105">
         <name>.data._ftable</name>
         <load_address>0x20200200</load_address>
         <readwrite>true</readwrite>
         <run_address>0x20200200</run_address>
         <size>0xf0</size>
         <alignment>0x4</alignment>
         <input_file_ref idref="fl-41"/>
      </object_component>
      <object_component id="oc-1a3">
         <name>.data.__TI_ft_end</name>
         <load_address>0x202003cc</load_address>
         <readwrite>true</readwrite>
         <run_address>0x202003cc</run_address>
         <size>0x4</size>
         <alignment>0x4</alignment>
         <input_file_ref idref="fl-41"/>
      </object_component>
      <object_component id="oc-1f9">
         <name>.data.memory_is_initialized</name>
         <load_address>0x202003e4</load_address>
         <readwrite>true</readwrite>
         <run_address>0x202003e4</run_address>
         <size>0x1</size>
         <alignment>0x4</alignment>
         <input_file_ref idref="fl-43"/>
      </object_component>
      <object_component id="oc-14e">
         <name>.data._device</name>
         <load_address>0x202002f0</load_address>
         <readwrite>true</readwrite>
         <run_address>0x202002f0</run_address>
         <size>0x78</size>
         <alignment>0x4</alignment>
         <input_file_ref idref="fl-ea"/>
      </object_component>
      <object_component id="oc-1e3">
         <name>.data._stream</name>
         <load_address>0x20200368</load_address>
         <readwrite>true</readwrite>
         <run_address>0x20200368</run_address>
         <size>0x50</size>
         <alignment>0x4</alignment>
         <input_file_ref idref="fl-ea"/>
      </object_component>
      <object_component id="oc-1e2">
         <name>.data.open.stream_init</name>
         <load_address>0x202003e8</load_address>
         <readwrite>true</readwrite>
         <run_address>0x202003e8</run_address>
         <size>0x1</size>
         <alignment>0x4</alignment>
         <input_file_ref idref="fl-ec"/>
      </object_component>
      <object_component id="oc-14d">
         <name>.data.add_device.device_init</name>
         <load_address>0x202003e0</load_address>
         <readwrite>true</readwrite>
         <run_address>0x202003e0</run_address>
         <size>0x1</size>
         <alignment>0x4</alignment>
         <input_file_ref idref="fl-ef"/>
      </object_component>
      <object_component id="oc-142">
         <name>.bss.ColStart</name>
         <uninitialized>true</uninitialized>
         <readwrite>true</readwrite>
         <run_address>0x202005c0</run_address>
         <size>0x1</size>
         <alignment>0x1</alignment>
         <input_file_ref idref="fl-b"/>
      </object_component>
      <object_component id="oc-143">
         <name>.bss.RowStart</name>
         <uninitialized>true</uninitialized>
         <readwrite>true</readwrite>
         <run_address>0x202005c1</run_address>
         <size>0x1</size>
         <alignment>0x1</alignment>
         <input_file_ref idref="fl-b"/>
      </object_component>
      <object_component id="oc-145">
         <name>.bss.TabColor</name>
         <uninitialized>true</uninitialized>
         <readwrite>true</readwrite>
         <run_address>0x202005c2</run_address>
         <size>0x1</size>
         <alignment>0x1</alignment>
         <input_file_ref idref="fl-b"/>
      </object_component>
      <object_component id="oc-1b6">
         <name>.bss.__TI_tmpnams</name>
         <uninitialized>true</uninitialized>
         <readwrite>true</readwrite>
         <run_address>0x2020050c</run_address>
         <size>0xa0</size>
         <alignment>0x1</alignment>
         <input_file_ref idref="fl-41"/>
      </object_component>
      <object_component id="oc-1f7">
         <name>.bss.sys_free</name>
         <uninitialized>true</uninitialized>
         <readwrite>true</readwrite>
         <run_address>0x202005b4</run_address>
         <size>0x4</size>
         <alignment>0x4</alignment>
         <input_file_ref idref="fl-43"/>
      </object_component>
      <object_component id="oc-1ca">
         <name>.bss.parmbuf</name>
         <uninitialized>true</uninitialized>
         <readwrite>true</readwrite>
         <run_address>0x202005ac</run_address>
         <size>0x8</size>
         <alignment>0x1</alignment>
         <input_file_ref idref="fl-f3"/>
      </object_component>
      <object_component id="oc-1fb">
         <name>.bss:_CIOBUF_</name>
         <uninitialized>true</uninitialized>
         <readwrite>true</readwrite>
         <run_address>0x202003ec</run_address>
         <size>0x120</size>
         <alignment>0x4</alignment>
         <input_file_ref idref="fl-f8"/>
      </object_component>
      <object_component id="oc-6f">
         <name>.common:TExaSadc</name>
         <uninitialized>true</uninitialized>
         <readwrite>true</readwrite>
         <run_address>0x202005bc</run_address>
         <size>0x4</size>
         <alignment>0x4</alignment>
      </object_component>
      <object_component id="oc-70">
         <name>.common:TExaSLogic</name>
         <uninitialized>true</uninitialized>
         <readwrite>true</readwrite>
         <run_address>0x202005b8</run_address>
         <size>0x4</size>
         <alignment>0x4</alignment>
      </object_component>
      <object_component id="oc-2f">
         <name>.sysmem</name>
         <uninitialized>true</uninitialized>
         <readwrite>true</readwrite>
         <run_address>0x20200000</run_address>
         <size>0x10</size>
         <alignment>0x8</alignment>
         <input_file_ref idref="fl-43"/>
      </object_component>
      <object_component id="oc-249">
         <name>.sysmem</name>
         <uninitialized>true</uninitialized>
         <readwrite>true</readwrite>
         <run_address>0x20200000</run_address>
         <size>0x0</size>
         <alignment>0x4</alignment>
      </object_component>
      <object_component id="oc-1a">
         <name>.stack</name>
         <uninitialized>true</uninitialized>
         <readwrite>true</readwrite>
         <run_address>0x20207e00</run_address>
         <size>0x4</size>
         <alignment>0x4</alignment>
         <input_file_ref idref="fl-47"/>
      </object_component>
      <object_component id="oc-248">
         <name>.stack</name>
         <uninitialized>true</uninitialized>
         <readwrite>true</readwrite>
         <run_address>0x20207e00</run_address>
         <size>0x0</size>
         <alignment>0x8</alignment>
      </object_component>
      <object_component id="oc-12b">
         <name>.debug_abbrev</name>
         <load_address>0x0</load_address>
         <run_address>0x0</run_address>
         <size>0x16c</size>
         <alignment>0x1</alignment>
         <input_file_ref idref="fl-4"/>
      </object_component>
      <object_component id="oc-73">
         <name>.debug_abbrev</name>
         <load_address>0x16c</load_address>
         <run_address>0x16c</run_address>
         <size>0x1e0</size>
         <alignment>0x1</alignment>
         <input_file_ref idref="fl-8"/>
      </object_component>
      <object_component id="oc-e9">
         <name>.debug_abbrev</name>
         <load_address>0x34c</load_address>
         <run_address>0x34c</run_address>
         <size>0x10d</size>
         <alignment>0x1</alignment>
         <input_file_ref idref="fl-9"/>
      </object_component>
      <object_component id="oc-168">
         <name>.debug_abbrev</name>
         <load_address>0x459</load_address>
         <run_address>0x459</run_address>
         <size>0xdb</size>
         <alignment>0x1</alignment>
         <input_file_ref idref="fl-a"/>
      </object_component>
      <object_component id="oc-108">
         <name>.debug_abbrev</name>
[...]
      </symbol>
      <symbol id="sm-105">
         <name>ST7735_unlink</name>
         <value>0x12049</value>
         <object_component_ref idref="oc-fc"/>
      </symbol>
      <symbol id="sm-106">
         <name>ST7735_rename</name>
         <value>0x12011</value>
         <object_component_ref idref="oc-fb"/>
      </symbol>
      <symbol id="sm-107">
         <name>ST7735_InitPrintf</name>
         <value>0x11005</value>
         <object_component_ref idref="oc-9d"/>
      </symbol>
      <symbol id="sm-108">
         <name>plotLineX</name>
         <value>0x10321</value>
         <object_component_ref idref="oc-11d"/>
      </symbol>
      <symbol id="sm-109">
         <name>plotLineY</name>
         <value>0x10555</value>
         <object_component_ref idref="oc-11e"/>
      </symbol>
      <symbol id="sm-10a">
         <name>ST7735_Line</name>
         <value>0x10d1d</value>
         <object_component_ref idref="oc-bb"/>
      </symbol>
      <symbol id="sm-114">
         <name>SysTick_Handler</name>
         <value>0x101cb</value>
         <object_component_ref idref="oc-37"/>
      </symbol>
      <symbol id="sm-11f">
         <name>TIMG7_IRQHandler</name>
         <value>0x119c5</value>
         <object_component_ref idref="oc-3c"/>
      </symbol>
      <symbol id="sm-120">
         <name>TExaSadc</name>
         <value>0x202005bc</value>
      </symbol>
      <symbol id="sm-121">
         <name>TExaSLogic</name>
         <value>0x202005b8</value>
      </symbol>
      <symbol id="sm-134">
         <name>Default_Handler</name>
         <value>0x11ee5</value>
         <object_component_ref idref="oc-35"/>
      </symbol>
      <symbol id="sm-135">
         <name>Reset_Handler</name>
         <value>0x12065</value>
         <object_component_ref idref="oc-31"/>
      </symbol>
      <symbol id="sm-136">
         <name>HardFault_Handler</name>
         <value>0x11f01</value>
         <object_component_ref idref="oc-36"/>
      </symbol>
      <symbol id="sm-137">
         <name>interruptVectors</name>
         <value>0x0</value>
         <object_component_ref idref="oc-18"/>
      </symbol>
      <symbol id="sm-138">
         <name>NMI_Handler</name>
         <value>0x11ee5</value>
         <object_component_ref idref="oc-35"/>
      </symbol>
      <symbol id="sm-139">
         <name>SVC_Handler</name>
         <value>0x11ee5</value>
         <object_component_ref idref="oc-35"/>
      </symbol>
      <symbol id="sm-13a">
         <name>PendSV_Handler</name>
         <value>0x11ee5</value>
         <object_component_ref idref="oc-35"/>
      </symbol>
      <symbol id="sm-13b">
         <name>GROUP0_IRQHandler</name>
         <value>0x11ee5</value>
         <object_component_ref idref="oc-35"/>
      </symbol>
      <symbol id="sm-13c">
         <name>GROUP1_IRQHandler</name>
         <value>0x11ee5</value>
         <object_component_ref idref="oc-35"/>
      </symbol>
      <symbol id="sm-13d">
         <name>TIMG8_IRQHandler</name>
         <value>0x11ee5</value>
         <object_component_ref idref="oc-35"/>
      </symbol>
      <symbol id="sm-13e">
         <name>UART3_IRQHandler</name>
         <value>0x11ee5</value>
         <object_component_ref idref="oc-35"/>
      </symbol>
      <symbol id="sm-13f">
         <name>ADC0_IRQHandler</name>
         <value>0x11ee5</value>
         <object_component_ref idref="oc-35"/>
      </symbol>
      <symbol id="sm-140">
         <name>ADC1_IRQHandler</name>
         <value>0x11ee5</value>
         <object_component_ref idref="oc-35"/>
      </symbol>
      <symbol id="sm-141">
         <name>CANFD0_IRQHandler</name>
         <value>0x11ee5</value>
         <object_component_ref idref="oc-35"/>
      </symbol>
      <symbol id="sm-142">
         <name>DAC0_IRQHandler</name>
         <value>0x11ee5</value>
         <object_component_ref idref="oc-35"/>
      </symbol>
      <symbol id="sm-143">
         <name>SPI0_IRQHandler</name>
         <value>0x11ee5</value>
         <object_component_ref idref="oc-35"/>
      </symbol>
      <symbol id="sm-144">
         <name>SPI1_IRQHandler</name>
         <value>0x11ee5</value>
         <object_component_ref idref="oc-35"/>
      </symbol>
      <symbol id="sm-145">
         <name>UART1_IRQHandler</name>
         <value>0x11ee5</value>
         <object_component_ref idref="oc-35"/>
      </symbol>
      <symbol id="sm-146">
         <name>UART2_IRQHandler</name>
         <value>0x11ee5</value>
         <object_component_ref idref="oc-35"/>
      </symbol>
      <symbol id="sm-147">
         <name>UART0_IRQHandler</name>
         <value>0x11ee5</value>
         <object_component_ref idref="oc-35"/>
      </symbol>
      <symbol id="sm-148">
         <name>TIMG0_IRQHandler</name>
         <value>0x11ee5</value>
         <object_component_ref idref="oc-35"/>
      </symbol>
      <symbol id="sm-149">
         <name>TIMG6_IRQHandler</name>
         <value>0x11ee5</value>
         <object_component_ref idref="oc-35"/>
      </symbol>
      <symbol id="sm-14a">
         <name>TIMA0_IRQHandler</name>
         <value>0x11ee5</value>
         <object_component_ref idref="oc-35"/>
      </symbol>
      <symbol id="sm-14b">
         <name>TIMA1_IRQHandler</name>
         <value>0x11ee5</value>
         <object_component_ref idref="oc-35"/>
      </symbol>
      <symbol id="sm-14c">
         <name>I2C0_IRQHandler</name>
         <value>0x11ee5</value>
         <object_component_ref idref="oc-35"/>
      </symbol>
      <symbol id="sm-14d">
         <name>I2C1_IRQHandler</name>
         <value>0x11ee5</value>
         <object_component_ref idref="oc-35"/>
      </symbol>
      <symbol id="sm-14e">
         <name>AES_IRQHandler</name>
         <value>0x11ee5</value>
         <object_component_ref idref="oc-35"/>
      </symbol>
      <symbol id="sm-14f">
         <name>RTC_IRQHandler</name>
         <value>0x11ee5</value>
         <object_component_ref idref="oc-35"/>
      </symbol>
      <symbol id="sm-150">
         <name>DMA_IRQHandler</name>
         <value>0x11ee5</value>
         <object_component_ref idref="oc-35"/>
      </symbol>
      <symbol id="sm-151">
         <name>__TI_ATRegion0_src_addr</name>
         <value>0x0</value>
      </symbol>
      <symbol id="sm-152">
         <name>__TI_ATRegion0_trg_addr</name>
         <value>0x0</value>
      </symbol>
      <symbol id="sm-153">
         <name>__TI_ATRegion0_region_sz</name>
         <value>0x0</value>
      </symbol>
      <symbol id="sm-154">
         <name>__TI_ATRegion1_src_addr</name>
         <value>0x0</value>
      </symbol>
      <symbol id="sm-155">
         <name>__TI_ATRegion1_trg_addr</name>
         <value>0x0</value>
      </symbol>
      <symbol id="sm-156">
         <name>__TI_ATRegion1_region_sz</name>
         <value>0x0</value>
      </symbol>
      <symbol id="sm-157">
         <name>__TI_ATRegion2_src_addr</name>
         <value>0x0</value>
      </symbol>
      <symbol id="sm-158">
         <name>__TI_ATRegion2_trg_addr</name>
         <value>0x0</value>
      </symbol>
      <symbol id="sm-159">
         <name>__TI_ATRegion2_region_sz</name>
         <value>0x0</value>
      </symbol>
      <symbol id="sm-174">
         <name>fopen</name>
         <value>0x11d71</value>
         <object_component_ref idref="oc-f0"/>
      </symbol>
      <symbol id="sm-175">
         <name>__TI_cleanup</name>
         <value>0x11c09</value>
         <object_component_ref idref="oc-160"/>
      </symbol>
      <symbol id="sm-176">
         <name>freopen</name>
         <value>0x11d0d</value>
         <object_component_ref idref="oc-f6"/>
      </symbol>
      <symbol id="sm-183">
         <name>setvbuf</name>
         <value>0x10c3d</value>
         <object_component_ref idref="oc-f7"/>
      </symbol>
      <symbol id="sm-193">
         <name>abort</name>
         <value>0x1206d</value>
         <object_component_ref idref="oc-c7"/>
      </symbol>
      <symbol id="sm-194">
         <name>C$$EXIT</name>
         <value>0x1206c</value>
         <object_component_ref idref="oc-c7"/>
      </symbol>
      <symbol id="sm-195">
         <name>__TI_cleanup_ptr</name>
         <value>0x202003b8</value>
         <object_component_ref idref="oc-131"/>
      </symbol>
      <symbol id="sm-196">
         <name>__TI_dtors_ptr</name>
         <value>0x202003bc</value>
         <object_component_ref idref="oc-131"/>
      </symbol>
      <symbol id="sm-197">
         <name>exit</name>
         <value>0x11ca5</value>
         <object_component_ref idref="oc-cc"/>
      </symbol>
      <symbol id="sm-1a0">
         <name>_nop</name>
         <value>0x10f63</value>
         <object_component_ref idref="oc-170"/>
      </symbol>
      <symbol id="sm-1a1">
         <name>_lock</name>
         <value>0x202003d0</value>
         <object_component_ref idref="oc-12f"/>
      </symbol>
      <symbol id="sm-1a2">
         <name>_unlock</name>
         <value>0x202003d4</value>
         <object_component_ref idref="oc-132"/>
      </symbol>
      <symbol id="sm-1aa">
         <name>_ftable</name>
         <value>0x20200200</value>
         <object_component_ref idref="oc-105"/>
      </symbol>
      <symbol id="sm-1ab">
         <name>__TI_ft_end</name>
         <value>0x202003cc</value>
         <object_component_ref idref="oc-1a3"/>
      </symbol>
      <symbol id="sm-1ac">
         <name>__TI_tmpnams</name>
         <value>0x2020050c</value>
         <object_component_ref idref="oc-1b6"/>
      </symbol>
      <symbol id="sm-1d0">
         <name>malloc</name>
         <value>0x12029</value>
         <object_component_ref idref="oc-15f"/>
      </symbol>
      <symbol id="sm-1d1">
         <name>aligned_alloc</name>
         <value>0x1066d</value>
         <object_component_ref idref="oc-1bc"/>
      </symbol>
      <symbol id="sm-1d2">
         <name>free</name>
         <value>0x10a71</value>
         <object_component_ref idref="oc-15d"/>
      </symbol>
      <symbol id="sm-1d3">
         <name>_sys_memory</name>
         <value>0x20200000</value>
         <object_component_ref idref="oc-2f"/>
      </symbol>
      <symbol id="sm-1d4">
         <name>memalign</name>
         <value>0x1066d</value>
         <object_component_ref idref="oc-1bc"/>
      </symbol>
      <symbol id="sm-1de">
         <name>__TI_zero_init_nomemset</name>
         <value>0x11f65</value>
         <object_component_ref idref="oc-58"/>
      </symbol>
      <symbol id="sm-1e7">
         <name>__TI_decompress_none</name>
         <value>0x11f8d</value>
         <object_component_ref idref="oc-20"/>
      </symbol>
      <symbol id="sm-1f2">
         <name>__TI_decompress_lzss</name>
         <value>0x113c5</value>
         <object_component_ref idref="oc-1c"/>
      </symbol>
      <symbol id="sm-1fd">
         <name>_c_int00_noargs</name>
         <value>0x11e9d</value>
         <object_component_ref idref="oc-61"/>
      </symbol>
      <symbol id="sm-1fe">
         <name>__stack</name>
         <value>0x20207e00</value>
         <object_component_ref idref="oc-1a"/>
      </symbol>
      <symbol id="sm-20d">
         <name>__TI_closefile</name>
         <value>0x11349</value>
         <object_component_ref idref="oc-157"/>
      </symbol>
      <symbol id="sm-217">
         <name>__TI_doflush</name>
         <value>0x117bf</value>
         <object_component_ref idref="oc-1a8"/>
      </symbol>
      <symbol id="sm-224">
         <name>__TI_auto_init_nobinit_nopinit</name>
         <value>0x11a85</value>
         <object_component_ref idref="oc-ce"/>
      </symbol>
      <symbol id="sm-22c">
         <name>_system_pre_init</name>
         <value>0x12069</value>
         <object_component_ref idref="oc-7e"/>
      </symbol>
      <symbol id="sm-237">
         <name>write</name>
         <value>0x11e75</value>
         <object_component_ref idref="oc-1e7"/>
      </symbol>
      <symbol id="sm-23c">
         <name>_device</name>
         <value>0x202002f0</value>
         <object_component_ref idref="oc-14e"/>
      </symbol>
      <symbol id="sm-23d">
         <name>_stream</name>
         <value>0x20200368</value>
         <object_component_ref idref="oc-1e3"/>
      </symbol>
      <symbol id="sm-246">
         <name>remove</name>
         <value>0x1205d</value>
         <object_component_ref idref="oc-1b2"/>
      </symbol>
      <symbol id="sm-252">
         <name>open</name>
         <value>0x10f65</value>
         <object_component_ref idref="oc-1a4"/>
      </symbol>
      <symbol id="sm-25d">
         <name>close</name>
         <value>0x11811</value>
         <object_component_ref idref="oc-1ae"/>
      </symbol>
      <symbol id="sm-269">
         <name>add_device</name>
         <value>0x10985</value>
         <object_component_ref idref="oc-ec"/>
      </symbol>
      <symbol id="sm-273">
         <name>unlink</name>
         <value>0x11df9</value>
         <object_component_ref idref="oc-1f0"/>
      </symbol>
      <symbol id="sm-27d">
         <name>HOSTclose</name>
         <value>0x118ad</value>
         <object_component_ref idref="oc-186"/>
      </symbol>
      <symbol id="sm-287">
         <name>HOSTlseek</name>
         <value>0x114b1</value>
         <object_component_ref idref="oc-192"/>
      </symbol>
      <symbol id="sm-291">
         <name>HOSTopen</name>
         <value>0x11659</value>
         <object_component_ref idref="oc-182"/>
      </symbol>
      <symbol id="sm-292">
         <name>parmbuf</name>
         <value>0x202005ac</value>
         <object_component_ref idref="oc-1ca"/>
      </symbol>
      <symbol id="sm-29c">
         <name>HOSTread</name>
         <value>0x116b9</value>
         <object_component_ref idref="oc-18a"/>
      </symbol>
      <symbol id="sm-2ad">
         <name>HOSTrename</name>
         <value>0x1151d</value>
         <object_component_ref idref="oc-19a"/>
      </symbol>
      <symbol id="sm-2b7">
         <name>HOSTunlink</name>
         <value>0x118f5</value>
         <object_component_ref idref="oc-196"/>
      </symbol>
      <symbol id="sm-2c1">
         <name>HOSTwrite</name>
         <value>0x11711</value>
         <object_component_ref idref="oc-18e"/>
      </symbol>
      <symbol id="sm-2cf">
         <name>C$$IO$$</name>
         <value>0x11c9d</value>
         <object_component_ref idref="oc-1c3"/>
      </symbol>
      <symbol id="sm-2d0">
         <name>__TI_writemsg</name>
         <value>0x11c71</value>
         <object_component_ref idref="oc-1c3"/>
      </symbol>
      <symbol id="sm-2d1">
         <name>__CIOBUF_</name>
         <value>0x202003ec</value>
         <object_component_ref idref="oc-1fb"/>
      </symbol>
      <symbol id="sm-2d2">
         <name>__TI_readmsg</name>
         <value>0x11c3d</value>
         <object_component_ref idref="oc-1c9"/>
      </symbol>
      <symbol id="sm-2d3">
         <name>_CIOBUF_</name>
         <value>0x202003ec</value>
         <object_component_ref idref="oc-1fb"/>
      </symbol>
      <symbol id="sm-2d9">
         <name>__aeabi_dadd</name>
         <value>0x10043</value>
         <object_component_ref idref="oc-b3"/>
      </symbol>
      <symbol id="sm-2da">
         <name>__adddf3</name>
         <value>0x10043</value>
         <object_component_ref idref="oc-b3"/>
      </symbol>
      <symbol id="sm-2db">
         <name>__aeabi_dsub</name>
         <value>0x10039</value>
         <object_component_ref idref="oc-b3"/>
      </symbol>
      <symbol id="sm-2dc">
         <name>__subdf3</name>
         <value>0x10039</value>
         <object_component_ref idref="oc-b3"/>
      </symbol>
      <symbol id="sm-2e2">
         <name>__aeabi_dmul</name>
         <value>0x10b59</value>
         <object_component_ref idref="oc-af"/>
      </symbol>
      <symbol id="sm-2e3">
         <name>__muldf3</name>
         <value>0x10b59</value>
         <object_component_ref idref="oc-af"/>
      </symbol>
      <symbol id="sm-2e9">
         <name>__muldsi3</name>
         <value>0x11ac1</value>
         <object_component_ref idref="oc-116"/>
      </symbol>
      <symbol id="sm-2ef">
         <name>__aeabi_ddiv</name>
         <value>0x10781</value>
         <object_component_ref idref="oc-ab"/>
      </symbol>
      <symbol id="sm-2f0">
         <name>__divdf3</name>
         <value>0x10781</value>
         <object_component_ref idref="oc-ab"/>
      </symbol>
      <symbol id="sm-2f6">
         <name>__aeabi_d2iz</name>
         <value>0x11861</value>
         <object_component_ref idref="oc-b7"/>
      </symbol>
      <symbol id="sm-2f7">
         <name>__fixdfsi</name>
         <value>0x11861</value>
         <object_component_ref idref="oc-b7"/>
      </symbol>
      <symbol id="sm-2fd">
         <name>__aeabi_i2d</name>
         <value>0x11dcd</value>
         <object_component_ref idref="oc-a7"/>
      </symbol>
      <symbol id="sm-2fe">
         <name>__floatsidf</name>
         <value>0x11dcd</value>
         <object_component_ref idref="oc-a7"/>
      </symbol>
      <symbol id="sm-304">
         <name>__aeabi_idiv</name>
         <value>0x11769</value>
         <object_component_ref idref="oc-bc"/>
      </symbol>
      <symbol id="sm-305">
         <name>__aeabi_idivmod</name>
         <value>0x11769</value>
         <object_component_ref idref="oc-bc"/>
      </symbol>
      <symbol id="sm-30b">
         <name>__aeabi_memcpy</name>
         <value>0x12055</value>
         <object_component_ref idref="oc-51"/>
      </symbol>
      <symbol id="sm-30c">
         <name>__aeabi_memcpy4</name>
         <value>0x12055</value>
         <object_component_ref idref="oc-51"/>
      </symbol>
      <symbol id="sm-30d">
         <name>__aeabi_memcpy8</name>
         <value>0x12055</value>
         <object_component_ref idref="oc-51"/>
      </symbol>
      <symbol id="sm-314">
         <name>__aeabi_memclr</name>
         <value>0x1201d</value>
         <object_component_ref idref="oc-79"/>
      </symbol>
      <symbol id="sm-315">
         <name>__aeabi_memclr4</name>
         <value>0x1201d</value>
         <object_component_ref idref="oc-79"/>
      </symbol>
      <symbol id="sm-316">
         <name>__aeabi_memclr8</name>
         <value>0x1201d</value>
         <object_component_ref idref="oc-79"/>
      </symbol>
      <symbol id="sm-31c">
         <name>__aeabi_uidiv</name>
         <value>0x11a05</value>
         <object_component_ref idref="oc-125"/>
      </symbol>
      <symbol id="sm-31d">
         <name>__aeabi_uidivmod</name>
         <value>0x11a05</value>
         <object_component_ref idref="oc-125"/>
      </symbol>
      <symbol id="sm-328">
         <name>__aeabi_idiv0</name>
         <value>0x1043b</value>
         <object_component_ref idref="oc-11f"/>
      </symbol>
      <symbol id="sm-336">
         <name>finddevice</name>
         <value>0x11cd9</value>
         <object_component_ref idref="oc-147"/>
      </symbol>
      <symbol id="sm-337">
         <name>getdevice</name>
         <value>0x11589</value>
         <object_component_ref idref="oc-1e1"/>
      </symbol>
      <symbol id="sm-340">
         <name>TI_memcpy_small</name>
         <value>0x11f7b</value>
         <object_component_ref idref="oc-8d"/>
      </symbol>
      <symbol id="sm-349">
         <name>TI_memset_small</name>
         <value>0x11ff7</value>
         <object_component_ref idref="oc-e1"/>
      </symbol>
      <symbol id="sm-351">
         <name>strcmp</name>
         <value>0x111c1</value>
         <object_component_ref idref="oc-17c"/>
      </symbol>
      <symbol id="sm-352">
         <name>__TI_static_base__</name>
         <value>0x0</value>
      </symbol>
      <symbol id="sm-355">
         <name>__mpu_init</name>
         <value>0x0</value>
      </symbol>
      <symbol id="sm-356">
         <name>_system_post_cinit</name>
         <value>0x0</value>
      </symbol>
   </symbol_table>
   <title>Link successful</title>
</link_info>
